2026-04-07 09:03:37,238 [INFO] Run started: mode=metadata
2026-04-07 09:03:37,243 [INFO] Fetching contract metadata for Brent Crude Futures
2026-04-07 12:24:05,179 [INFO] Run started: mode=metadata
2026-04-07 12:24:05,180 [INFO] Fetching contract metadata for Brent Crude Futures
2026-04-07 12:24:05,752 [INFO] Metadata updated: brent_crude_contracts.csv (11 rows)
2026-04-07 12:24:05,752 [INFO] Fetching contract metadata for Low Sulphur Gasoil Futures
2026-04-07 12:24:05,931 [INFO] Metadata updated: low_sulphur_gasoil_contracts.csv (13 rows)
2026-04-07 12:24:05,934 [INFO] Run finished: mode=metadata
2026-04-07 12:24:17,994 [INFO] Run started: mode=historical
2026-04-07 12:24:18,671 [INFO] Historical updated: historical\brent_crude\jun26_6018433.csv (515 rows)
2026-04-07 12:24:18,905 [INFO] Historical updated: historical\brent_crude\jul26_6018430.csv (515 rows)
2026-04-07 12:24:19,146 [INFO] Historical updated: historical\brent_crude\aug26_6018418.csv (515 rows)
2026-04-07 12:24:19,385 [INFO] Historical updated: historical\brent_crude\sep26_6018448.csv (515 rows)
2026-04-07 12:24:19,644 [INFO] Historical updated: historical\brent_crude\oct26_6018445.csv (515 rows)
2026-04-07 12:24:19,895 [INFO] Historical updated: historical\brent_crude\nov26_6018442.csv (515 rows)
2026-04-07 12:24:20,137 [INFO] Historical updated: historical\brent_crude\dec26_6018421.csv (515 rows)
2026-04-07 12:24:20,369 [INFO] Historical updated: historical\brent_crude\jan27_6018427.csv (515 rows)
2026-04-07 12:24:20,605 [INFO] Historical updated: historical\brent_crude\feb27_6018424.csv (515 rows)
2026-04-07 12:24:20,836 [INFO] Historical updated: historical\brent_crude\mar27_6018436.csv (515 rows)
2026-04-07 12:24:21,081 [INFO] Historical updated: historical\brent_crude\apr27_6018416.csv (515 rows)
2026-04-07 12:24:21,315 [INFO] Historical updated: historical\low_sulphur_gasoil\apr26_6227601.csv (515 rows)
2026-04-07 12:24:21,549 [INFO] Historical updated: historical\low_sulphur_gasoil\may26_6227602.csv (515 rows)
2026-04-07 12:24:21,781 [INFO] Historical updated: historical\low_sulphur_gasoil\jun26_6227603.csv (515 rows)
2026-04-07 12:24:22,016 [INFO] Historical updated: historical\low_sulphur_gasoil\jul26_6227604.csv (515 rows)
2026-04-07 12:24:22,256 [INFO] Historical updated: historical\low_sulphur_gasoil\aug26_6227605.csv (515 rows)
2026-04-07 12:24:22,509 [INFO] Historical updated: historical\low_sulphur_gasoil\sep26_6227606.csv (515 rows)
2026-04-07 12:24:22,766 [INFO] Historical updated: historical\low_sulphur_gasoil\oct26_6227607.csv (515 rows)
2026-04-07 12:24:23,007 [INFO] Historical updated: historical\low_sulphur_gasoil\nov26_6227608.csv (515 rows)
2026-04-07 12:24:23,240 [INFO] Historical updated: historical\low_sulphur_gasoil\dec26_6227609.csv (515 rows)
2026-04-07 12:24:23,477 [INFO] Historical updated: historical\low_sulphur_gasoil\jan27_6540998.csv (515 rows)
2026-04-07 12:24:23,704 [INFO] Historical updated: historical\low_sulphur_gasoil\feb27_6540999.csv (515 rows)
2026-04-07 12:24:23,933 [INFO] Historical updated: historical\low_sulphur_gasoil\mar27_6541000.csv (515 rows)
2026-04-07 12:24:24,153 [INFO] Historical updated: historical\low_sulphur_gasoil\apr27_6541001.csv (515 rows)
2026-04-07 12:24:24,155 [INFO] Run finished: mode=historical
2026-04-07 12:24:29,524 [INFO] Run started: mode=all
2026-04-07 12:24:29,525 [INFO] Fetching contract metadata for Brent Crude Futures
2026-04-07 12:24:30,062 [INFO] Metadata updated: brent_crude_contracts.csv (11 rows)
2026-04-07 12:24:30,062 [INFO] Fetching contract metadata for Low Sulphur Gasoil Futures
2026-04-07 12:24:30,247 [INFO] Metadata updated: low_sulphur_gasoil_contracts.csv (13 rows)
2026-04-07 12:24:30,484 [INFO] Historical updated: historical\brent_crude\jun26_6018433.csv (515 rows)
2026-04-07 12:24:30,720 [INFO] Historical updated: historical\brent_crude\jul26_6018430.csv (515 rows)
2026-04-07 12:24:30,957 [INFO] Historical updated: historical\brent_crude\aug26_6018418.csv (515 rows)
2026-04-07 12:24:31,181 [INFO] Historical updated: historical\brent_crude\sep26_6018448.csv (515 rows)
2026-04-07 12:24:31,437 [INFO] Historical updated: historical\brent_crude\oct26_6018445.csv (515 rows)
2026-04-07 12:24:31,757 [INFO] Historical updated: historical\brent_crude\nov26_6018442.csv (515 rows)
2026-04-07 12:24:32,044 [INFO] Historical updated: historical\brent_crude\dec26_6018421.csv (515 rows)
2026-04-07 12:24:32,337 [INFO] Historical updated: historical\brent_crude\jan27_6018427.csv (515 rows)
2026-04-07 12:24:32,645 [INFO] Historical updated: historical\brent_crude\feb27_6018424.csv (515 rows)
2026-04-07 12:24:32,930 [INFO] Historical updated: historical\brent_crude\mar27_6018436.csv (515 rows)
2026-04-07 12:24:33,215 [INFO] Historical updated: historical\brent_crude\apr27_6018416.csv (515 rows)
2026-04-07 12:24:33,462 [INFO] Historical updated: historical\low_sulphur_gasoil\apr26_6227601.csv (515 rows)
2026-04-07 12:24:33,750 [INFO] Historical updated: historical\low_sulphur_gasoil\may26_6227602.csv (515 rows)
2026-04-07 12:24:34,022 [INFO] Historical updated: historical\low_sulphur_gasoil\jun26_6227603.csv (515 rows)
2026-04-07 12:24:34,348 [INFO] Historical updated: historical\low_sulphur_gasoil\jul26_6227604.csv (515 rows)
2026-04-07 12:24:34,781 [INFO] Historical updated: historical\low_sulphur_gasoil\aug26_6227605.csv (515 rows)
2026-04-07 12:24:35,049 [INFO] Historical updated: historical\low_sulphur_gasoil\sep26_6227606.csv (515 rows)
2026-04-07 12:24:35,307 [INFO] Historical updated: historical\low_sulphur_gasoil\oct26_6227607.csv (515 rows)
2026-04-07 12:24:35,571 [INFO] Historical updated: historical\low_sulphur_gasoil\nov26_6227608.csv (515 rows)
2026-04-07 12:24:35,846 [INFO] Historical updated: historical\low_sulphur_gasoil\dec26_6227609.csv (515 rows)
2026-04-07 12:24:36,106 [INFO] Historical updated: historical\low_sulphur_gasoil\jan27_6540998.csv (515 rows)
2026-04-07 12:24:36,366 [INFO] Historical updated: historical\low_sulphur_gasoil\feb27_6540999.csv (515 rows)
2026-04-07 12:24:36,612 [INFO] Historical updated: historical\low_sulphur_gasoil\mar27_6541000.csv (515 rows)
2026-04-07 12:24:36,887 [INFO] Historical updated: historical\low_sulphur_gasoil\apr27_6541001.csv (515 rows)
2026-04-07 12:24:36,891 [INFO] Run finished: mode=all
2026-04-07 12:34:59,942 [INFO] Run started: mode=metadata
2026-04-07 12:34:59,943 [INFO] Fetching contract metadata for Brent Crude Futures
2026-04-07 12:35:00,853 [INFO] Metadata updated: brent_crude_contracts.csv (11 rows)
2026-04-07 12:35:00,854 [INFO] Fetching contract metadata for Low Sulphur Gasoil Futures
2026-04-07 12:35:01,031 [INFO] Metadata updated: low_sulphur_gasoil_contracts.csv (13 rows)
2026-04-07 12:35:01,036 [INFO] Run finished: mode=metadata
2026-04-07 12:35:05,001 [INFO] Run started: mode=historical
2026-04-07 12:35:08,278 [INFO] Historical updated: brent_crude_historical.csv | contracts_ok=11 | rows=5665
2026-04-07 12:35:11,479 [INFO] Historical updated: low_sulphur_gasoil_historical.csv | contracts_ok=13 | rows=6695
2026-04-07 12:35:11,485 [INFO] Run finished: mode=historical
2026-04-07 12:35:31,905 [INFO] Run started: mode=all
2026-04-07 12:35:31,906 [INFO] Fetching contract metadata for Brent Crude Futures
2026-04-07 12:35:32,434 [INFO] Metadata updated: brent_crude_contracts.csv (11 rows)
2026-04-07 12:35:32,435 [INFO] Fetching contract metadata for Low Sulphur Gasoil Futures
2026-04-07 12:35:32,609 [INFO] Metadata updated: low_sulphur_gasoil_contracts.csv (13 rows)
2026-04-07 12:35:35,031 [INFO] Historical updated: brent_crude_historical.csv | contracts_ok=11 | rows=5665
2026-04-07 12:35:37,767 [INFO] Historical updated: low_sulphur_gasoil_historical.csv | contracts_ok=13 | rows=6695
2026-04-07 12:35:37,769 [INFO] Run finished: mode=all
2026-04-07 12:40:59,470 [INFO] Run started: mode=all
2026-04-07 12:40:59,472 [INFO] Fetching contract metadata for Brent Crude Futures
2026-04-07 12:41:00,074 [INFO] Metadata updated: brent_crude_contracts.csv (11 rows)
2026-04-07 12:41:00,074 [INFO] Fetching contract metadata for Low Sulphur Gasoil Futures
2026-04-07 12:41:00,251 [INFO] Metadata updated: low_sulphur_gasoil_contracts.csv (13 rows)
2026-04-07 12:41:02,699 [INFO] Historical updated: brent_crude_historical.csv | contracts_ok=11 | rows=5665
2026-04-07 12:41:05,501 [INFO] Historical updated: low_sulphur_gasoil_historical.csv | contracts_ok=13 | rows=6695
2026-04-07 12:41:05,505 [INFO] Run finished: mode=all
2026-04-07 09:48:06,787 [INFO] Run started: mode=metadata
2026-04-07 09:48:06,787 [INFO] Fetching contract metadata for Brent Crude Futures
2026-04-07 09:48:06,916 [INFO] Metadata updated: brent_crude_contracts.csv (11 rows)
2026-04-07 09:48:06,916 [INFO] Fetching contract metadata for Low Sulphur Gasoil Futures
2026-04-07 09:48:06,953 [INFO] Metadata updated: low_sulphur_gasoil_contracts.csv (13 rows)
2026-04-07 09:48:06,955 [INFO] Run finished: mode=metadata
2026-04-07 09:48:36,226 [INFO] Run started: mode=historical
2026-04-07 09:48:37,805 [INFO] Historical updated: brent_crude_historical.csv | contracts_ok=11 | rows=5665
2026-04-07 09:48:39,527 [INFO] Historical updated: low_sulphur_gasoil_historical.csv | contracts_ok=13 | rows=6695
2026-04-07 09:48:39,528 [INFO] Run finished: mode=historical
2026-04-07 20:07:22,622 [INFO] Run started: mode=historical
2026-04-07 20:07:23,922 [INFO] Historical updated: brent_crude_historical.csv | contracts_ok=11 | rows=5665
2026-04-07 20:07:25,259 [INFO] Historical updated: low_sulphur_gasoil_historical.csv | contracts_ok=13 | rows=6695
2026-04-07 20:07:25,261 [INFO] Run finished: mode=historical
2026-04-08 09:54:51,029 [INFO] Run started: mode=historical
2026-04-08 09:54:52,476 [INFO] Historical updated: brent_crude_historical.csv | contracts_ok=11 | rows=5676
2026-04-08 09:54:53,953 [INFO] Historical updated: low_sulphur_gasoil_historical.csv | contracts_ok=13 | rows=6708
2026-04-08 09:54:53,955 [INFO] Run finished: mode=historical
2026-04-08 20:08:57,921 [INFO] Run started: mode=historical
2026-04-08 20:08:59,711 [INFO] Historical updated: brent_crude_historical.csv | contracts_ok=11 | rows=5676
2026-04-08 20:09:01,508 [INFO] Historical updated: low_sulphur_gasoil_historical.csv | contracts_ok=13 | rows=6708
2026-04-08 20:09:01,509 [INFO] Run finished: mode=historical
2026-04-09 10:21:48,910 [INFO] Run started: mode=historical
2026-04-09 10:21:49,972 [INFO] Historical updated: brent_crude_historical.csv | contracts_ok=11 | rows=5687
2026-04-09 10:21:51,109 [INFO] Historical updated: low_sulphur_gasoil_historical.csv | contracts_ok=13 | rows=6721
2026-04-09 10:21:51,112 [INFO] Run finished: mode=historical
2026-04-09 21:04:19,294 [INFO] Run started: mode=historical
2026-04-09 21:04:21,124 [INFO] Historical updated: brent_crude_historical.csv | contracts_ok=11 | rows=5687
2026-04-09 21:04:23,164 [INFO] Historical updated: low_sulphur_gasoil_historical.csv | contracts_ok=13 | rows=6721
2026-04-09 21:04:23,166 [INFO] Run finished: mode=historical
2026-04-10 10:15:37,745 [INFO] Run started: mode=historical
2026-04-10 10:15:38,954 [INFO] Historical updated: brent_crude_historical.csv | contracts_ok=11 | rows=5698
2026-04-10 10:15:40,081 [INFO] Historical updated: low_sulphur_gasoil_historical.csv | contracts_ok=13 | rows=6734
2026-04-10 10:15:40,082 [INFO] Run finished: mode=historical
2026-04-10 20:00:55,815 [INFO] Run started: mode=historical
2026-04-10 20:00:57,592 [INFO] Historical updated: brent_crude_historical.csv | contracts_ok=11 | rows=5698
2026-04-10 20:00:59,622 [INFO] Historical updated: low_sulphur_gasoil_historical.csv | contracts_ok=13 | rows=6734
2026-04-10 20:00:59,624 [INFO] Run finished: mode=historical
2026-04-11 08:03:32,201 [INFO] Run started: mode=historical
2026-04-11 08:03:33,742 [INFO] Historical updated: brent_crude_historical.csv | contracts_ok=11 | rows=5709
2026-04-11 08:03:35,412 [INFO] Historical updated: low_sulphur_gasoil_historical.csv | contracts_ok=13 | rows=6747
2026-04-11 08:03:35,414 [INFO] Run finished: mode=historical
2026-04-11 19:52:39,572 [INFO] Run started: mode=historical
2026-04-11 19:52:41,232 [INFO] Historical updated: brent_crude_historical.csv | contracts_ok=11 | rows=5709
2026-04-11 19:52:42,999 [INFO] Historical updated: low_sulphur_gasoil_historical.csv | contracts_ok=13 | rows=6747
2026-04-11 19:52:43,000 [INFO] Run finished: mode=historical
2026-04-12 08:33:33,565 [INFO] Run started: mode=historical
2026-04-12 08:33:34,733 [INFO] Historical updated: brent_crude_historical.csv | contracts_ok=11 | rows=5709
2026-04-12 08:33:35,847 [INFO] Historical updated: low_sulphur_gasoil_historical.csv | contracts_ok=13 | rows=6747
2026-04-12 08:33:35,849 [INFO] Run finished: mode=historical
2026-04-12 19:55:53,600 [INFO] Run started: mode=historical
2026-04-12 19:55:55,027 [INFO] Historical updated: brent_crude_historical.csv | contracts_ok=11 | rows=5709
2026-04-12 19:55:56,494 [INFO] Historical updated: low_sulphur_gasoil_historical.csv | contracts_ok=13 | rows=6747
2026-04-12 19:55:56,496 [INFO] Run finished: mode=historical
2026-04-13 11:05:18,056 [INFO] Run started: mode=historical
2026-04-13 11:05:19,133 [INFO] Historical updated: brent_crude_historical.csv | contracts_ok=11 | rows=5709
2026-04-13 11:05:20,246 [INFO] Historical updated: low_sulphur_gasoil_historical.csv | contracts_ok=13 | rows=6747
2026-04-13 11:05:20,248 [INFO] Run finished: mode=historical
2026-04-13 21:10:57,056 [INFO] Run started: mode=historical
2026-04-13 21:10:58,443 [INFO] Historical updated: brent_crude_historical.csv | contracts_ok=11 | rows=5709
2026-04-13 21:11:00,060 [INFO] Historical updated: low_sulphur_gasoil_historical.csv | contracts_ok=13 | rows=6747
2026-04-13 21:11:00,061 [INFO] Run finished: mode=historical
2026-04-14 10:47:34,900 [INFO] Run started: mode=historical
2026-04-14 10:47:36,753 [INFO] Historical updated: brent_crude_historical.csv | contracts_ok=11 | rows=5720
2026-04-14 10:47:38,590 [INFO] Historical updated: low_sulphur_gasoil_historical.csv | contracts_ok=13 | rows=6759
2026-04-14 10:47:38,591 [INFO] Run finished: mode=historical
2026-04-14 21:10:38,800 [INFO] Run started: mode=historical
2026-04-14 21:10:40,830 [INFO] Historical updated: brent_crude_historical.csv | contracts_ok=11 | rows=5720
2026-04-14 21:10:42,946 [INFO] Historical updated: low_sulphur_gasoil_historical.csv | contracts_ok=13 | rows=6759
2026-04-14 21:10:42,948 [INFO] Run finished: mode=historical
2026-04-15 10:40:51,978 [INFO] Run started: mode=historical
2026-04-15 10:40:53,773 [INFO] Historical updated: brent_crude_historical.csv | contracts_ok=11 | rows=5731
2026-04-15 10:40:55,617 [INFO] Historical updated: low_sulphur_gasoil_historical.csv | contracts_ok=13 | rows=6771
2026-04-15 10:40:55,619 [INFO] Run finished: mode=historical
2026-04-15 10:42:18,264 [INFO] Run started: mode=metadata
2026-04-15 10:42:18,264 [INFO] Fetching contract metadata for Brent Crude Futures
2026-04-15 10:42:18,503 [INFO] Metadata updated: brent_crude_contracts.csv (11 rows)
2026-04-15 10:42:18,503 [INFO] Fetching contract metadata for Low Sulphur Gasoil Futures
2026-04-15 10:42:18,594 [INFO] Metadata updated: low_sulphur_gasoil_contracts.csv (13 rows)
2026-04-15 10:42:18,596 [INFO] Run finished: mode=metadata
2026-04-15 20:33:09,712 [INFO] Run started: mode=historical
2026-04-15 20:33:11,655 [INFO] Historical updated: brent_crude_historical.csv | contracts_ok=11 | rows=5731
2026-04-15 20:33:13,597 [INFO] Historical updated: low_sulphur_gasoil_historical.csv | contracts_ok=13 | rows=6771
2026-04-15 20:33:13,598 [INFO] Run finished: mode=historical
2026-04-16 10:46:04,710 [INFO] Run started: mode=historical
2026-04-16 10:46:05,928 [INFO] Historical updated: brent_crude_historical.csv | contracts_ok=11 | rows=5742
2026-04-16 10:46:07,179 [INFO] Historical updated: low_sulphur_gasoil_historical.csv | contracts_ok=13 | rows=6783
2026-04-16 10:46:07,181 [INFO] Run finished: mode=historical
2026-04-16 20:35:40,280 [INFO] Run started: mode=historical
2026-04-16 20:35:41,549 [INFO] Historical updated: brent_crude_historical.csv | contracts_ok=11 | rows=5742
2026-04-16 20:35:42,803 [INFO] Historical updated: low_sulphur_gasoil_historical.csv | contracts_ok=13 | rows=6783
2026-04-16 20:35:42,805 [INFO] Run finished: mode=historical
2026-04-17 03:50:15,532 [INFO] Run started: mode=metadata
2026-04-17 03:50:15,532 [INFO] Fetching contract metadata for Brent Crude Futures
2026-04-17 03:50:15,701 [INFO] Metadata updated: brent_crude_contracts.csv (11 rows)
2026-04-17 03:50:15,701 [INFO] Fetching contract metadata for Low Sulphur Gasoil Futures
2026-04-17 03:50:15,752 [INFO] Metadata updated: low_sulphur_gasoil_contracts.csv (13 rows)
2026-04-17 03:50:15,753 [INFO] Run finished: mode=metadata
2026-04-17 03:59:19,574 [INFO] Run started: mode=historical
2026-04-17 03:59:21,844 [INFO] Historical updated: brent_crude_historical.csv | contracts_ok=11 | rows=5753
2026-04-17 03:59:24,040 [INFO] Historical updated: low_sulphur_gasoil_historical.csv | contracts_ok=13 | rows=6795
2026-04-17 03:59:24,042 [INFO] Run finished: mode=historical
2026-04-17 10:36:40,791 [INFO] Run started: mode=historical
2026-04-17 10:36:42,104 [INFO] Historical updated: brent_crude_historical.csv | contracts_ok=11 | rows=5753
2026-04-17 10:36:43,435 [INFO] Historical updated: low_sulphur_gasoil_historical.csv | contracts_ok=13 | rows=6795
2026-04-17 10:36:43,437 [INFO] Run finished: mode=historical
2026-04-17 20:10:19,612 [INFO] Run started: mode=historical
2026-04-17 20:10:21,531 [INFO] Historical updated: brent_crude_historical.csv | contracts_ok=11 | rows=5753
2026-04-17 20:10:23,164 [INFO] Historical updated: low_sulphur_gasoil_historical.csv | contracts_ok=13 | rows=6795
2026-04-17 20:10:23,166 [INFO] Run finished: mode=historical
2026-04-18 08:09:39,818 [INFO] Run started: mode=historical
2026-04-18 08:09:41,175 [INFO] Historical updated: brent_crude_historical.csv | contracts_ok=11 | rows=5764
2026-04-18 08:09:42,709 [INFO] Historical updated: low_sulphur_gasoil_historical.csv | contracts_ok=13 | rows=6807
2026-04-18 08:09:42,711 [INFO] Run finished: mode=historical
2026-04-18 19:56:01,383 [INFO] Run started: mode=historical
2026-04-18 19:56:02,764 [INFO] Historical updated: brent_crude_historical.csv | contracts_ok=11 | rows=5764
2026-04-18 19:56:03,933 [INFO] Historical updated: low_sulphur_gasoil_historical.csv | contracts_ok=13 | rows=6807
2026-04-18 19:56:03,935 [INFO] Run finished: mode=historical
2026-04-19 09:09:12,549 [INFO] Run started: mode=historical
2026-04-19 09:09:13,621 [INFO] Historical updated: brent_crude_historical.csv | contracts_ok=11 | rows=5764
2026-04-19 09:09:14,861 [INFO] Historical updated: low_sulphur_gasoil_historical.csv | contracts_ok=13 | rows=6807
2026-04-19 09:09:14,863 [INFO] Run finished: mode=historical
2026-04-19 15:20:34,604 [INFO] Run started: mode=build_continuous
2026-04-19 15:20:54,098 [INFO] Run started: mode=build_continuous
2026-04-19 15:21:12,261 [INFO] Run started: mode=build_continuous
2026-04-19 15:21:12,546 [INFO] Run finished: mode=build_continuous
2026-04-19 15:26:43,546 [INFO] Run started: mode=build_continuous
2026-04-19 15:26:43,923 [INFO] Run finished: mode=build_continuous
2026-04-19 18:44:41,654 [INFO] Run started: mode=build_continuous
2026-04-19 18:44:42,230 [INFO] Run finished: mode=build_continuous
2026-04-19 18:45:12,151 [INFO] Run started: mode=build_continuous
2026-04-19 18:45:12,627 [INFO] Run finished: mode=build_continuous
2026-04-19 16:05:25,781 [INFO] Run started: mode=historical
2026-04-19 16:05:27,429 [INFO] Historical updated: brent_crude_historical.csv | contracts_ok=11 | rows=5764
2026-04-19 16:05:29,083 [INFO] Historical updated: low_sulphur_gasoil_historical.csv | contracts_ok=13 | rows=6807
2026-04-19 16:05:29,436 [INFO] Run finished: mode=historical
2026-04-19 16:05:29,909 [INFO] Run started: mode=build_continuous
2026-04-19 16:05:30,262 [INFO] Run finished: mode=build_continuous
2026-04-19 19:15:12,538 [INFO] Run started: mode=build_continuous
2026-04-19 19:15:13,070 [INFO] Run finished: mode=build_continuous
2026-04-19 16:46:27,594 [INFO] Run started: mode=historical
2026-04-19 16:46:28,861 [INFO] Historical updated: brent_crude_historical.csv | contracts_ok=11 | rows=5764
2026-04-19 16:46:30,006 [INFO] Historical updated: low_sulphur_gasoil_historical.csv | contracts_ok=13 | rows=6807
2026-04-19 16:46:30,287 [INFO] Run finished: mode=historical
2026-04-19 16:46:30,704 [INFO] Run started: mode=build_continuous
2026-04-19 16:46:30,990 [INFO] Run finished: mode=build_continuous
2026-04-19 19:58:11,678 [INFO] Run started: mode=historical
2026-04-19 19:58:13,497 [INFO] Historical updated: brent_crude_historical.csv | contracts_ok=11 | rows=5764
2026-04-19 19:58:15,285 [INFO] Historical updated: low_sulphur_gasoil_historical.csv | contracts_ok=13 | rows=6807
2026-04-19 19:58:15,554 [INFO] Run finished: mode=historical
2026-04-19 19:58:15,952 [INFO] Run started: mode=build_continuous
2026-04-19 19:58:16,226 [INFO] Run finished: mode=build_continuous
2026-04-20 06:02:45,928 [INFO] Run started: mode=historical
2026-04-20 06:02:47,578 [INFO] Historical updated: brent_crude_historical.csv | contracts_ok=11 | rows=5764
2026-04-20 06:02:49,258 [INFO] Historical updated: low_sulphur_gasoil_historical.csv | contracts_ok=13 | rows=6807
2026-04-20 06:02:49,541 [INFO] Run finished: mode=historical
2026-04-20 06:02:49,957 [INFO] Run started: mode=build_continuous
2026-04-20 06:02:50,246 [INFO] Run finished: mode=build_continuous
2026-04-20 12:16:32,790 [INFO] Run started: mode=all
2026-04-20 12:16:32,791 [INFO] Fetching contract metadata for Brent Crude Futures
2026-04-20 12:16:33,406 [INFO] Metadata updated: brent_crude_contracts.csv (11 rows)
2026-04-20 12:16:33,406 [INFO] Fetching contract metadata for Low Sulphur Gasoil Futures
2026-04-20 12:16:33,591 [INFO] Metadata updated: low_sulphur_gasoil_contracts.csv (13 rows)
2026-04-20 12:16:36,377 [INFO] Historical updated: brent_crude_historical.csv | contracts_ok=11 | rows=5764
2026-04-20 12:16:39,285 [INFO] Historical updated: low_sulphur_gasoil_historical.csv | contracts_ok=13 | rows=6807
2026-04-20 12:16:41,261 [INFO] Run finished: mode=all
2026-04-20 09:19:22,312 [INFO] Run started: mode=historical
2026-04-20 09:19:23,422 [INFO] Historical updated: brent_crude_historical.csv | contracts_ok=11 | rows=5764
2026-04-20 09:19:24,505 [INFO] Historical updated: low_sulphur_gasoil_historical.csv | contracts_ok=13 | rows=6807
2026-04-20 09:19:24,725 [INFO] Run finished: mode=historical
2026-04-20 09:19:25,062 [INFO] Run started: mode=build_continuous
2026-04-20 09:19:25,289 [INFO] Run finished: mode=build_continuous
2026-04-20 11:08:07,301 [INFO] Run started: mode=historical
2026-04-20 11:08:08,809 [INFO] Historical updated: brent_crude_historical.csv | contracts_ok=11 | rows=5764
2026-04-20 11:08:10,526 [INFO] Historical updated: low_sulphur_gasoil_historical.csv | contracts_ok=13 | rows=6807
2026-04-20 11:08:10,819 [INFO] Run finished: mode=historical
2026-04-20 11:08:11,256 [INFO] Run started: mode=build_continuous
2026-04-20 11:08:11,557 [INFO] Run finished: mode=build_continuous
2026-04-20 20:32:16,145 [INFO] Run started: mode=historical
2026-04-20 20:32:17,824 [INFO] Historical updated: brent_crude_historical.csv | contracts_ok=11 | rows=5764
2026-04-20 20:32:19,644 [INFO] Historical updated: low_sulphur_gasoil_historical.csv | contracts_ok=13 | rows=6807
2026-04-20 20:32:19,932 [INFO] Run finished: mode=historical
2026-04-20 20:32:20,362 [INFO] Run started: mode=build_continuous
2026-04-20 20:32:20,668 [INFO] Run finished: mode=build_continuous
2026-04-21 05:30:03,580 [INFO] Run started: mode=historical
2026-04-21 05:30:05,385 [INFO] Historical updated: brent_crude_historical.csv | contracts_ok=11 | rows=5775
2026-04-21 05:30:06,974 [INFO] Historical updated: low_sulphur_gasoil_historical.csv | contracts_ok=13 | rows=6819
2026-04-21 05:30:07,255 [INFO] Run finished: mode=historical
2026-04-21 05:30:07,699 [INFO] Run started: mode=build_continuous
2026-04-21 05:30:07,995 [INFO] Run finished: mode=build_continuous
2026-04-21 10:51:49,568 [INFO] Run started: mode=historical
2026-04-21 10:51:51,745 [INFO] Historical updated: brent_crude_historical.csv | contracts_ok=11 | rows=5775
2026-04-21 10:51:54,107 [INFO] Historical updated: low_sulphur_gasoil_historical.csv | contracts_ok=13 | rows=6819
2026-04-21 10:51:54,394 [INFO] Run finished: mode=historical
2026-04-21 10:51:54,814 [INFO] Run started: mode=build_continuous
2026-04-21 10:51:55,117 [INFO] Run finished: mode=build_continuous
2026-04-21 19:02:06,975 [INFO] Run started: mode=historical
2026-04-21 19:02:08,244 [INFO] Historical updated: brent_crude_historical.csv | contracts_ok=11 | rows=5775
2026-04-21 19:02:09,500 [INFO] Historical updated: low_sulphur_gasoil_historical.csv | contracts_ok=13 | rows=6819
2026-04-21 19:02:09,798 [INFO] Run finished: mode=historical
2026-04-21 19:02:10,248 [INFO] Run started: mode=build_continuous
2026-04-21 19:02:10,552 [INFO] Run finished: mode=build_continuous
2026-04-21 21:08:09,851 [INFO] Run started: mode=historical
2026-04-21 21:08:11,240 [INFO] Historical updated: brent_crude_historical.csv | contracts_ok=11 | rows=5775
2026-04-21 21:08:12,731 [INFO] Historical updated: low_sulphur_gasoil_historical.csv | contracts_ok=13 | rows=6819
2026-04-21 21:08:13,020 [INFO] Run finished: mode=historical
2026-04-21 21:08:13,465 [INFO] Run started: mode=build_continuous
2026-04-21 21:08:13,778 [INFO] Run finished: mode=build_continuous
2026-04-22 05:36:11,082 [INFO] Run started: mode=historical
2026-04-22 05:36:12,937 [INFO] Historical updated: brent_crude_historical.csv | contracts_ok=11 | rows=5786
2026-04-22 05:36:14,849 [INFO] Historical updated: low_sulphur_gasoil_historical.csv | contracts_ok=13 | rows=6831
2026-04-22 05:36:15,133 [INFO] Run finished: mode=historical
2026-04-22 05:36:15,549 [INFO] Run started: mode=build_continuous
2026-04-22 05:36:15,835 [INFO] Run finished: mode=build_continuous
2026-04-22 10:31:20,773 [INFO] Run started: mode=historical
2026-04-22 10:31:22,173 [INFO] Historical updated: brent_crude_historical.csv | contracts_ok=11 | rows=5786
2026-04-22 10:31:23,805 [INFO] Historical updated: low_sulphur_gasoil_historical.csv | contracts_ok=13 | rows=6831
2026-04-22 10:31:24,107 [INFO] Run finished: mode=historical
2026-04-22 10:31:24,565 [INFO] Run started: mode=build_continuous
2026-04-22 10:31:24,870 [INFO] Run finished: mode=build_continuous
2026-04-22 10:48:58,571 [INFO] Run started: mode=historical
2026-04-22 10:49:00,311 [INFO] Historical updated: brent_crude_historical.csv | contracts_ok=11 | rows=5786
2026-04-22 10:49:02,172 [INFO] Historical updated: low_sulphur_gasoil_historical.csv | contracts_ok=13 | rows=6831
2026-04-22 10:49:02,450 [INFO] Run finished: mode=historical
2026-04-22 10:49:02,866 [INFO] Run started: mode=build_continuous
2026-04-22 10:49:03,155 [INFO] Run finished: mode=build_continuous
2026-04-22 21:12:46,596 [INFO] Run started: mode=historical
2026-04-22 21:12:48,453 [INFO] Historical updated: brent_crude_historical.csv | contracts_ok=11 | rows=5786
2026-04-22 21:12:50,201 [INFO] Historical updated: low_sulphur_gasoil_historical.csv | contracts_ok=13 | rows=6831
2026-04-22 21:12:50,494 [INFO] Run finished: mode=historical
2026-04-22 21:12:50,941 [INFO] Run started: mode=build_continuous
2026-04-22 21:12:51,243 [INFO] Run finished: mode=build_continuous
2026-04-23 03:15:08,170 [INFO] Run started: mode=historical
2026-04-23 03:15:09,621 [INFO] Historical updated: brent_crude_historical.csv | contracts_ok=11 | rows=5797
2026-04-23 03:15:11,252 [INFO] Historical updated: low_sulphur_gasoil_historical.csv | contracts_ok=13 | rows=6843
2026-04-23 03:15:11,537 [INFO] Run finished: mode=historical
2026-04-23 03:15:11,972 [INFO] Run started: mode=build_continuous
2026-04-23 03:15:12,264 [INFO] Run finished: mode=build_continuous
2026-04-23 05:25:05,649 [INFO] Run started: mode=historical
2026-04-23 05:25:07,264 [INFO] Historical updated: brent_crude_historical.csv | contracts_ok=11 | rows=5797
2026-04-23 05:25:09,102 [INFO] Historical updated: low_sulphur_gasoil_historical.csv | contracts_ok=13 | rows=6843
2026-04-23 05:25:09,393 [INFO] Run finished: mode=historical
2026-04-23 05:25:09,833 [INFO] Run started: mode=build_continuous
2026-04-23 05:25:10,134 [INFO] Run finished: mode=build_continuous
2026-04-23 10:55:33,094 [INFO] Run started: mode=historical
2026-04-23 10:55:34,456 [INFO] Historical updated: brent_crude_historical.csv | contracts_ok=11 | rows=5797
2026-04-23 10:55:35,921 [INFO] Historical updated: low_sulphur_gasoil_historical.csv | contracts_ok=13 | rows=6843
2026-04-23 10:55:36,216 [INFO] Run finished: mode=historical
2026-04-23 10:55:36,671 [INFO] Run started: mode=build_continuous
2026-04-23 10:55:36,965 [INFO] Run finished: mode=build_continuous
2026-04-23 21:11:16,903 [INFO] Run started: mode=historical
2026-04-23 21:11:18,018 [INFO] Historical updated: brent_crude_historical.csv | contracts_ok=11 | rows=5797
2026-04-23 21:11:19,130 [INFO] Historical updated: low_sulphur_gasoil_historical.csv | contracts_ok=13 | rows=6843
2026-04-23 21:11:19,461 [INFO] Run finished: mode=historical
2026-04-23 21:11:19,942 [INFO] Run started: mode=build_continuous
2026-04-23 21:11:20,261 [INFO] Run finished: mode=build_continuous
2026-04-24 04:22:38,828 [INFO] Run started: mode=historical
2026-04-24 04:22:40,238 [INFO] Historical updated: brent_crude_historical.csv | contracts_ok=11 | rows=5808
2026-04-24 04:22:41,723 [INFO] Historical updated: low_sulphur_gasoil_historical.csv | contracts_ok=13 | rows=6855
2026-04-24 04:22:42,029 [INFO] Run finished: mode=historical
2026-04-24 04:22:42,476 [INFO] Run started: mode=build_continuous
2026-04-24 04:22:42,770 [INFO] Run finished: mode=build_continuous
2026-04-24 08:13:40,920 [INFO] Run started: mode=historical
2026-04-24 08:13:42,578 [INFO] Historical updated: brent_crude_historical.csv | contracts_ok=11 | rows=5808
2026-04-24 08:13:44,298 [INFO] Historical updated: low_sulphur_gasoil_historical.csv | contracts_ok=13 | rows=6855
2026-04-24 08:13:44,584 [INFO] Run finished: mode=historical
2026-04-24 08:13:45,001 [INFO] Run started: mode=build_continuous
2026-04-24 08:13:45,294 [INFO] Run finished: mode=build_continuous
2026-04-24 10:16:15,503 [INFO] Run started: mode=historical
2026-04-24 10:16:16,788 [INFO] Historical updated: brent_crude_historical.csv | contracts_ok=11 | rows=5808
2026-04-24 10:16:18,359 [INFO] Historical updated: low_sulphur_gasoil_historical.csv | contracts_ok=13 | rows=6855
2026-04-24 10:16:18,640 [INFO] Run finished: mode=historical
2026-04-24 10:16:19,074 [INFO] Run started: mode=build_continuous
2026-04-24 10:16:19,364 [INFO] Run finished: mode=build_continuous
2026-04-24 10:52:15,670 [INFO] Run started: mode=historical
2026-04-24 10:52:17,151 [INFO] Historical updated: brent_crude_historical.csv | contracts_ok=11 | rows=5808
2026-04-24 10:52:18,780 [INFO] Historical updated: low_sulphur_gasoil_historical.csv | contracts_ok=13 | rows=6855
2026-04-24 10:52:19,065 [INFO] Run finished: mode=historical
2026-04-24 10:52:19,506 [INFO] Run started: mode=build_continuous
2026-04-24 10:52:19,811 [INFO] Run finished: mode=build_continuous
2026-04-24 20:32:08,811 [INFO] Run started: mode=historical
2026-04-24 20:32:10,056 [INFO] Historical updated: brent_crude_historical.csv | contracts_ok=11 | rows=5808
2026-04-24 20:32:11,276 [INFO] Historical updated: low_sulphur_gasoil_historical.csv | contracts_ok=13 | rows=6855
2026-04-24 20:32:11,556 [INFO] Run finished: mode=historical
2026-04-24 20:32:11,982 [INFO] Run started: mode=build_continuous
2026-04-24 20:32:12,284 [INFO] Run finished: mode=build_continuous
2026-04-25 07:20:41,060 [INFO] Run started: mode=historical
2026-04-25 07:20:42,195 [INFO] Historical updated: brent_crude_historical.csv | contracts_ok=11 | rows=5819
2026-04-25 07:20:43,288 [INFO] Historical updated: low_sulphur_gasoil_historical.csv | contracts_ok=13 | rows=6867
2026-04-25 07:20:43,578 [INFO] Run finished: mode=historical
2026-04-25 07:20:44,000 [INFO] Run started: mode=build_continuous
2026-04-25 07:20:44,295 [INFO] Run finished: mode=build_continuous
2026-04-25 09:14:14,355 [INFO] Run started: mode=historical
2026-04-25 09:14:16,098 [INFO] Historical updated: brent_crude_historical.csv | contracts_ok=11 | rows=5819
2026-04-25 09:14:17,872 [INFO] Historical updated: low_sulphur_gasoil_historical.csv | contracts_ok=13 | rows=6867
2026-04-25 09:14:18,158 [INFO] Run finished: mode=historical
2026-04-25 09:14:18,583 [INFO] Run started: mode=build_continuous
2026-04-25 09:14:18,876 [INFO] Run finished: mode=build_continuous
2026-04-25 20:01:53,397 [INFO] Run started: mode=historical
2026-04-25 20:01:54,873 [INFO] Historical updated: brent_crude_historical.csv | contracts_ok=11 | rows=5819
2026-04-25 20:01:56,467 [INFO] Historical updated: low_sulphur_gasoil_historical.csv | contracts_ok=13 | rows=6867
2026-04-25 20:01:56,746 [INFO] Run finished: mode=historical
2026-04-25 20:01:57,174 [INFO] Run started: mode=build_continuous
2026-04-25 20:01:57,469 [INFO] Run finished: mode=build_continuous
2026-04-26 08:55:37,793 [INFO] Run started: mode=historical
2026-04-26 08:55:39,545 [INFO] Historical updated: brent_crude_historical.csv | contracts_ok=11 | rows=5819
2026-04-26 08:55:41,412 [INFO] Historical updated: low_sulphur_gasoil_historical.csv | contracts_ok=13 | rows=6867
2026-04-26 08:55:41,690 [INFO] Run finished: mode=historical
2026-04-26 08:55:42,109 [INFO] Run started: mode=build_continuous
2026-04-26 08:55:42,395 [INFO] Run finished: mode=build_continuous
2026-04-26 09:34:38,950 [INFO] Run started: mode=historical
2026-04-26 09:34:40,233 [INFO] Historical updated: brent_crude_historical.csv | contracts_ok=11 | rows=5819
2026-04-26 09:34:41,622 [INFO] Historical updated: low_sulphur_gasoil_historical.csv | contracts_ok=13 | rows=6867
2026-04-26 09:34:41,923 [INFO] Run finished: mode=historical
2026-04-26 09:34:42,379 [INFO] Run started: mode=build_continuous
2026-04-26 09:34:42,689 [INFO] Run finished: mode=build_continuous
2026-04-26 20:03:56,988 [INFO] Run started: mode=historical
2026-04-26 20:03:58,685 [INFO] Historical updated: brent_crude_historical.csv | contracts_ok=11 | rows=5819
2026-04-26 20:04:00,523 [INFO] Historical updated: low_sulphur_gasoil_historical.csv | contracts_ok=13 | rows=6867
2026-04-26 20:04:00,806 [INFO] Run finished: mode=historical
2026-04-26 20:04:01,225 [INFO] Run started: mode=build_continuous
2026-04-26 20:04:01,520 [INFO] Run finished: mode=build_continuous
2026-04-27 04:32:31,925 [INFO] Run started: mode=historical
2026-04-27 04:32:33,051 [INFO] Historical updated: brent_crude_historical.csv | contracts_ok=11 | rows=5819
2026-04-27 04:32:34,140 [INFO] Historical updated: low_sulphur_gasoil_historical.csv | contracts_ok=13 | rows=6867
2026-04-27 04:32:34,425 [INFO] Run finished: mode=historical
2026-04-27 04:32:34,839 [INFO] Run started: mode=build_continuous
2026-04-27 04:32:35,131 [INFO] Run finished: mode=build_continuous
2026-04-27 06:25:16,202 [INFO] Run started: mode=historical
2026-04-27 06:25:17,874 [INFO] Historical updated: brent_crude_historical.csv | contracts_ok=11 | rows=5819
2026-04-27 06:25:19,604 [INFO] Historical updated: low_sulphur_gasoil_historical.csv | contracts_ok=13 | rows=6867
2026-04-27 06:25:19,893 [INFO] Run finished: mode=historical
2026-04-27 06:25:20,322 [INFO] Run started: mode=build_continuous
2026-04-27 06:25:20,629 [INFO] Run finished: mode=build_continuous
2026-04-27 09:43:30,642 [INFO] Run started: mode=historical
2026-04-27 09:43:32,063 [INFO] Historical updated: brent_crude_historical.csv | contracts_ok=11 | rows=5819
2026-04-27 09:43:33,474 [INFO] Historical updated: low_sulphur_gasoil_historical.csv | contracts_ok=13 | rows=6867
2026-04-27 09:43:33,761 [INFO] Run finished: mode=historical
2026-04-27 09:43:34,185 [INFO] Run started: mode=build_continuous
2026-04-27 09:43:34,476 [INFO] Run finished: mode=build_continuous
2026-04-27 12:09:59,310 [INFO] Run started: mode=historical
2026-04-27 12:10:00,635 [INFO] Historical updated: brent_crude_historical.csv | contracts_ok=11 | rows=5819
2026-04-27 12:10:02,133 [INFO] Historical updated: low_sulphur_gasoil_historical.csv | contracts_ok=13 | rows=6867
2026-04-27 12:10:02,434 [INFO] Run finished: mode=historical
2026-04-27 12:10:02,916 [INFO] Run started: mode=build_continuous
2026-04-27 12:10:03,212 [INFO] Run finished: mode=build_continuous
2026-04-27 21:38:55,296 [INFO] Run started: mode=historical
2026-04-27 21:38:56,905 [INFO] Historical updated: brent_crude_historical.csv | contracts_ok=11 | rows=5819
2026-04-27 21:38:58,566 [INFO] Historical updated: low_sulphur_gasoil_historical.csv | contracts_ok=13 | rows=6867
2026-04-27 21:38:58,849 [INFO] Run finished: mode=historical
2026-04-27 21:38:59,267 [INFO] Run started: mode=build_continuous
2026-04-27 21:38:59,557 [INFO] Run finished: mode=build_continuous
2026-04-28 03:16:21,556 [INFO] Run started: mode=historical
2026-04-28 03:16:22,691 [INFO] Historical updated: brent_crude_historical.csv | contracts_ok=11 | rows=5830
2026-04-28 03:16:23,817 [INFO] Historical updated: low_sulphur_gasoil_historical.csv | contracts_ok=13 | rows=6879
2026-04-28 03:16:24,107 [INFO] Run finished: mode=historical
2026-04-28 03:16:24,577 [INFO] Run started: mode=build_continuous
2026-04-28 03:16:24,883 [INFO] Run finished: mode=build_continuous
2026-04-28 04:43:35,221 [INFO] Run started: mode=historical
2026-04-28 04:43:36,644 [INFO] Historical updated: brent_crude_historical.csv | contracts_ok=11 | rows=5830
2026-04-28 04:43:38,163 [INFO] Historical updated: low_sulphur_gasoil_historical.csv | contracts_ok=13 | rows=6879
2026-04-28 04:43:38,448 [INFO] Run finished: mode=historical
2026-04-28 04:43:38,874 [INFO] Run started: mode=build_continuous
2026-04-28 04:43:39,160 [INFO] Run finished: mode=build_continuous
2026-04-28 12:15:20,253 [INFO] Run started: mode=historical
2026-04-28 12:15:22,029 [INFO] Historical updated: brent_crude_historical.csv | contracts_ok=11 | rows=5830
2026-04-28 12:15:23,893 [INFO] Historical updated: low_sulphur_gasoil_historical.csv | contracts_ok=13 | rows=6879
2026-04-28 12:15:24,184 [INFO] Run finished: mode=historical
2026-04-28 12:15:24,615 [INFO] Run started: mode=build_continuous
2026-04-28 12:15:24,908 [INFO] Run finished: mode=build_continuous
2026-04-28 21:43:52,388 [INFO] Run started: mode=historical
2026-04-28 21:43:53,646 [INFO] Historical updated: brent_crude_historical.csv | contracts_ok=11 | rows=5830
2026-04-28 21:43:54,780 [INFO] Historical updated: low_sulphur_gasoil_historical.csv | contracts_ok=13 | rows=6879
2026-04-28 21:43:55,067 [INFO] Run finished: mode=historical
2026-04-28 21:43:55,499 [INFO] Run started: mode=build_continuous
2026-04-28 21:43:55,797 [INFO] Run finished: mode=build_continuous
2026-04-29 05:19:05,775 [INFO] Run started: mode=historical
2026-04-29 05:19:06,943 [INFO] Historical updated: brent_crude_historical.csv | contracts_ok=11 | rows=5841
2026-04-29 05:19:07,998 [INFO] Historical updated: low_sulphur_gasoil_historical.csv | contracts_ok=13 | rows=6891
2026-04-29 05:19:08,297 [INFO] Run finished: mode=historical
2026-04-29 05:19:08,737 [INFO] Run started: mode=build_continuous
2026-04-29 05:19:09,039 [INFO] Run finished: mode=build_continuous
2026-04-29 08:45:32,971 [INFO] Run started: mode=historical
2026-04-29 08:45:34,688 [INFO] Historical updated: brent_crude_historical.csv | contracts_ok=11 | rows=5841
2026-04-29 08:45:36,531 [INFO] Historical updated: low_sulphur_gasoil_historical.csv | contracts_ok=13 | rows=6891
2026-04-29 08:45:36,821 [INFO] Run finished: mode=historical
2026-04-29 08:45:37,248 [INFO] Run started: mode=build_continuous
2026-04-29 08:45:37,535 [INFO] Run finished: mode=build_continuous
2026-04-29 11:57:13,256 [INFO] Run started: mode=historical
2026-04-29 11:57:14,525 [INFO] Historical updated: brent_crude_historical.csv | contracts_ok=11 | rows=5841
2026-04-29 11:57:15,900 [INFO] Historical updated: low_sulphur_gasoil_historical.csv | contracts_ok=13 | rows=6891
2026-04-29 11:57:16,185 [INFO] Run finished: mode=historical
2026-04-29 11:57:16,632 [INFO] Run started: mode=build_continuous
2026-04-29 11:57:16,925 [INFO] Run finished: mode=build_continuous
2026-04-29 21:45:45,082 [INFO] Run started: mode=historical
2026-04-29 21:45:46,855 [INFO] Historical updated: brent_crude_historical.csv | contracts_ok=11 | rows=5841
2026-04-29 21:45:48,824 [INFO] Historical updated: low_sulphur_gasoil_historical.csv | contracts_ok=13 | rows=6891
2026-04-29 21:45:49,099 [INFO] Run finished: mode=historical
2026-04-29 21:45:49,483 [INFO] Run started: mode=build_continuous
2026-04-29 21:45:49,763 [INFO] Run finished: mode=build_continuous
2026-04-30 05:09:02,162 [INFO] Run started: mode=historical
2026-04-30 05:09:03,683 [INFO] Historical updated: brent_crude_historical.csv | contracts_ok=11 | rows=5852
2026-04-30 05:09:05,318 [INFO] Historical updated: low_sulphur_gasoil_historical.csv | contracts_ok=13 | rows=6903
2026-04-30 05:09:05,600 [INFO] Run finished: mode=historical
2026-04-30 05:09:06,011 [INFO] Run started: mode=build_continuous
2026-04-30 05:09:06,293 [INFO] Run finished: mode=build_continuous
2026-04-30 08:36:24,536 [INFO] Run started: mode=historical
2026-04-30 08:36:25,943 [INFO] Historical updated: brent_crude_historical.csv | contracts_ok=11 | rows=5852
2026-04-30 08:36:27,438 [INFO] Historical updated: low_sulphur_gasoil_historical.csv | contracts_ok=13 | rows=6903
2026-04-30 08:36:27,735 [INFO] Run finished: mode=historical
2026-04-30 08:36:28,191 [INFO] Run started: mode=build_continuous
2026-04-30 08:36:28,490 [INFO] Run finished: mode=build_continuous
2026-04-30 19:50:21,331 [INFO] Run started: mode=historical
2026-04-30 19:50:22,873 [INFO] Historical updated: brent_crude_historical.csv | contracts_ok=11 | rows=5852
2026-04-30 19:50:24,505 [INFO] Historical updated: low_sulphur_gasoil_historical.csv | contracts_ok=13 | rows=6903
2026-04-30 19:50:24,805 [INFO] Run finished: mode=historical
2026-04-30 19:50:25,289 [INFO] Run started: mode=build_continuous
2026-04-30 19:50:25,601 [INFO] Run finished: mode=build_continuous
2026-05-01 08:24:43,845 [INFO] Run started: mode=historical
2026-05-01 08:24:44,981 [INFO] Historical updated: brent_crude_historical.csv | contracts_ok=11 | rows=5863
2026-05-01 08:24:46,089 [INFO] Historical updated: low_sulphur_gasoil_historical.csv | contracts_ok=13 | rows=6915
2026-05-01 08:24:46,378 [INFO] Run finished: mode=historical
2026-05-01 08:24:46,825 [INFO] Run started: mode=build_continuous
2026-05-01 08:24:47,124 [INFO] Run finished: mode=build_continuous
2026-05-01 10:55:12,051 [INFO] Run started: mode=metadata
2026-05-01 10:55:12,051 [INFO] Fetching contract metadata for Brent Crude Futures
2026-05-01 10:55:12,292 [INFO] Metadata updated: brent_crude_contracts.csv (12 rows)
2026-05-01 10:55:12,292 [INFO] Fetching contract metadata for Low Sulphur Gasoil Futures
2026-05-01 10:55:12,361 [INFO] Metadata updated: low_sulphur_gasoil_contracts.csv (14 rows)
2026-05-01 10:55:12,362 [INFO] Run finished: mode=metadata
2026-05-01 19:38:29,568 [INFO] Run started: mode=historical
2026-05-01 19:38:31,507 [INFO] Historical updated: brent_crude_historical.csv | contracts_ok=12 | rows=6378
2026-05-01 19:38:33,756 [INFO] Historical updated: low_sulphur_gasoil_historical.csv | contracts_ok=14 | rows=7430
2026-05-01 19:38:34,050 [INFO] Run finished: mode=historical
2026-05-01 19:38:34,479 [INFO] Run started: mode=build_continuous
2026-05-01 19:38:34,785 [INFO] Run finished: mode=build_continuous
2026-05-02 07:59:33,689 [INFO] Run started: mode=historical
2026-05-02 07:59:34,808 [INFO] Historical updated: brent_crude_historical.csv | contracts_ok=12 | rows=6389
2026-05-02 07:59:35,920 [INFO] Historical updated: low_sulphur_gasoil_historical.csv | contracts_ok=14 | rows=7443
2026-05-02 07:59:36,146 [INFO] Run finished: mode=historical
2026-05-02 07:59:36,512 [INFO] Run started: mode=build_continuous
2026-05-02 07:59:36,737 [INFO] Run finished: mode=build_continuous
2026-05-02 10:52:38,597 [INFO] Run started: mode=historical
2026-05-02 10:52:39,735 [INFO] Historical updated: brent_crude_historical.csv | contracts_ok=12 | rows=6389
2026-05-02 10:52:41,080 [INFO] Historical updated: low_sulphur_gasoil_historical.csv | contracts_ok=14 | rows=7443
2026-05-02 10:52:41,378 [INFO] Run finished: mode=historical
2026-05-02 10:52:41,831 [INFO] Run started: mode=build_continuous
2026-05-02 10:52:42,139 [INFO] Run finished: mode=build_continuous
2026-05-02 19:17:54,865 [INFO] Run started: mode=historical
2026-05-02 19:17:56,737 [INFO] Historical updated: brent_crude_historical.csv | contracts_ok=12 | rows=6389
2026-05-02 19:17:58,572 [INFO] Historical updated: low_sulphur_gasoil_historical.csv | contracts_ok=14 | rows=7443
2026-05-02 19:17:58,857 [INFO] Run finished: mode=historical
2026-05-02 19:17:59,270 [INFO] Run started: mode=build_continuous
2026-05-02 19:17:59,564 [INFO] Run finished: mode=build_continuous
2026-05-03 08:15:35,762 [INFO] Run started: mode=historical
2026-05-03 08:15:37,738 [INFO] Historical updated: brent_crude_historical.csv | contracts_ok=12 | rows=6389
2026-05-03 08:15:39,753 [INFO] Historical updated: low_sulphur_gasoil_historical.csv | contracts_ok=14 | rows=7443
2026-05-03 08:15:40,063 [INFO] Run finished: mode=historical
2026-05-03 08:15:40,542 [INFO] Run started: mode=build_continuous
2026-05-03 08:15:40,855 [INFO] Run finished: mode=build_continuous
2026-05-03 19:18:18,909 [INFO] Run started: mode=historical
2026-05-03 19:18:20,731 [INFO] Historical updated: brent_crude_historical.csv | contracts_ok=12 | rows=6389
2026-05-03 19:18:22,757 [INFO] Historical updated: low_sulphur_gasoil_historical.csv | contracts_ok=14 | rows=7443
2026-05-03 19:18:23,039 [INFO] Run finished: mode=historical
2026-05-03 19:18:23,451 [INFO] Run started: mode=build_continuous
2026-05-03 19:18:23,738 [INFO] Run finished: mode=build_continuous
2026-05-04 08:42:31,362 [INFO] Run started: mode=historical
2026-05-04 08:42:32,961 [INFO] Historical updated: brent_crude_historical.csv | contracts_ok=12 | rows=6389
2026-05-04 08:42:34,091 [INFO] Historical updated: low_sulphur_gasoil_historical.csv | contracts_ok=14 | rows=7443
2026-05-04 08:42:34,402 [INFO] Run finished: mode=historical
2026-05-04 08:42:34,906 [INFO] Run started: mode=build_continuous
2026-05-04 08:42:35,224 [INFO] Run finished: mode=build_continuous
2026-05-04 19:55:21,189 [INFO] Run started: mode=historical
2026-05-04 19:55:22,718 [INFO] Historical updated: brent_crude_historical.csv | contracts_ok=12 | rows=6389
2026-05-04 19:55:24,379 [INFO] Historical updated: low_sulphur_gasoil_historical.csv | contracts_ok=14 | rows=7443
2026-05-04 19:55:24,699 [INFO] Run finished: mode=historical
2026-05-04 19:55:25,147 [INFO] Run started: mode=build_continuous
2026-05-04 19:55:25,453 [INFO] Run finished: mode=build_continuous
2026-05-05 05:07:14,945 [INFO] Run started: mode=historical
2026-05-05 05:07:16,376 [INFO] Historical updated: brent_crude_historical.csv | contracts_ok=12 | rows=6400
2026-05-05 05:07:17,957 [INFO] Historical updated: low_sulphur_gasoil_historical.csv | contracts_ok=14 | rows=7456
2026-05-05 05:07:18,270 [INFO] Run finished: mode=historical
2026-05-05 05:07:18,701 [INFO] Run started: mode=build_continuous
2026-05-05 05:07:19,002 [INFO] Run finished: mode=build_continuous
2026-05-05 07:04:04,535 [INFO] Run started: mode=historical
2026-05-05 07:04:05,992 [INFO] Historical updated: brent_crude_historical.csv | contracts_ok=12 | rows=6400
2026-05-05 07:04:07,463 [INFO] Historical updated: low_sulphur_gasoil_historical.csv | contracts_ok=14 | rows=7456
2026-05-05 07:04:07,777 [INFO] Run finished: mode=historical
2026-05-05 07:04:08,221 [INFO] Run started: mode=build_continuous
2026-05-05 07:04:08,521 [INFO] Run finished: mode=build_continuous
2026-05-05 08:27:53,510 [INFO] Run started: mode=historical
2026-05-05 08:27:55,102 [INFO] Historical updated: brent_crude_historical.csv | contracts_ok=12 | rows=6400
2026-05-05 08:27:56,713 [INFO] Historical updated: low_sulphur_gasoil_historical.csv | contracts_ok=14 | rows=7456
2026-05-05 08:27:57,029 [INFO] Run finished: mode=historical
2026-05-05 08:27:57,491 [INFO] Run started: mode=build_continuous
2026-05-05 08:27:57,795 [INFO] Run finished: mode=build_continuous
2026-05-05 19:52:34,247 [INFO] Run started: mode=historical
2026-05-05 19:52:36,230 [INFO] Historical updated: brent_crude_historical.csv | contracts_ok=12 | rows=6400
2026-05-05 19:52:38,307 [INFO] Historical updated: low_sulphur_gasoil_historical.csv | contracts_ok=14 | rows=7456
2026-05-05 19:52:38,619 [INFO] Run finished: mode=historical
2026-05-05 19:52:39,064 [INFO] Run started: mode=build_continuous
2026-05-05 19:52:39,364 [INFO] Run finished: mode=build_continuous
2026-05-06 06:35:13,054 [INFO] Run started: mode=historical
2026-05-06 06:35:14,391 [INFO] Historical updated: brent_crude_historical.csv | contracts_ok=12 | rows=6411
2026-05-06 06:35:15,805 [INFO] Historical updated: low_sulphur_gasoil_historical.csv | contracts_ok=14 | rows=7469
2026-05-06 06:35:16,126 [INFO] Run finished: mode=historical
2026-05-06 06:35:16,564 [INFO] Run started: mode=build_continuous
2026-05-06 06:35:16,865 [INFO] Run finished: mode=build_continuous
2026-05-06 10:09:11,193 [INFO] Run started: mode=historical
2026-05-06 10:09:12,328 [INFO] Historical updated: brent_crude_historical.csv | contracts_ok=12 | rows=6411
2026-05-06 10:09:13,453 [INFO] Historical updated: low_sulphur_gasoil_historical.csv | contracts_ok=14 | rows=7469
2026-05-06 10:09:13,694 [INFO] Run finished: mode=historical
2026-05-06 10:09:14,039 [INFO] Run started: mode=build_continuous
2026-05-06 10:09:14,271 [INFO] Run finished: mode=build_continuous
2026-05-06 20:00:46,326 [INFO] Run started: mode=historical
2026-05-06 20:00:47,576 [INFO] Historical updated: brent_crude_historical.csv | contracts_ok=12 | rows=6411
2026-05-06 20:00:48,829 [INFO] Historical updated: low_sulphur_gasoil_historical.csv | contracts_ok=14 | rows=7469
2026-05-06 20:00:49,139 [INFO] Run finished: mode=historical
2026-05-06 20:00:49,558 [INFO] Run started: mode=build_continuous
2026-05-06 20:00:49,849 [INFO] Run finished: mode=build_continuous
2026-05-07 06:16:17,018 [INFO] Run started: mode=historical
2026-05-07 06:16:18,173 [INFO] Historical updated: brent_crude_historical.csv | contracts_ok=12 | rows=6422
2026-05-07 06:16:19,301 [INFO] Historical updated: low_sulphur_gasoil_historical.csv | contracts_ok=14 | rows=7482
2026-05-07 06:16:19,609 [INFO] Run finished: mode=historical
2026-05-07 06:16:20,015 [INFO] Run started: mode=build_continuous
2026-05-07 06:16:20,306 [INFO] Run finished: mode=build_continuous
2026-05-07 08:47:40,372 [INFO] Run started: mode=historical
2026-05-07 08:47:42,069 [INFO] Historical updated: brent_crude_historical.csv | contracts_ok=12 | rows=6422
2026-05-07 08:47:43,873 [INFO] Historical updated: low_sulphur_gasoil_historical.csv | contracts_ok=14 | rows=7482
2026-05-07 08:47:44,182 [INFO] Run finished: mode=historical
2026-05-07 08:47:44,606 [INFO] Run started: mode=build_continuous
2026-05-07 08:47:44,907 [INFO] Run finished: mode=build_continuous
2026-05-07 19:53:51,598 [INFO] Run started: mode=historical
2026-05-07 19:53:53,125 [INFO] Historical updated: brent_crude_historical.csv | contracts_ok=12 | rows=6422
2026-05-07 19:53:54,690 [INFO] Historical updated: low_sulphur_gasoil_historical.csv | contracts_ok=14 | rows=7482
2026-05-07 19:53:54,995 [INFO] Run finished: mode=historical
2026-05-07 19:53:55,410 [INFO] Run started: mode=build_continuous
2026-05-07 19:53:55,704 [INFO] Run finished: mode=build_continuous
2026-05-08 05:20:19,438 [INFO] Run started: mode=historical
2026-05-08 05:20:21,262 [INFO] Historical updated: brent_crude_historical.csv | contracts_ok=12 | rows=6433
2026-05-08 05:20:23,299 [INFO] Historical updated: low_sulphur_gasoil_historical.csv | contracts_ok=14 | rows=7495
2026-05-08 05:20:23,616 [INFO] Run finished: mode=historical
2026-05-08 05:20:24,067 [INFO] Run started: mode=build_continuous
2026-05-08 05:20:24,372 [INFO] Run finished: mode=build_continuous
2026-05-08 07:57:26,995 [INFO] Run started: mode=historical
2026-05-08 07:57:29,054 [INFO] Historical updated: brent_crude_historical.csv | contracts_ok=12 | rows=6433
2026-05-08 07:57:30,941 [INFO] Historical updated: low_sulphur_gasoil_historical.csv | contracts_ok=14 | rows=7495
2026-05-08 07:57:31,274 [INFO] Run finished: mode=historical
2026-05-08 07:57:31,738 [INFO] Run started: mode=build_continuous
2026-05-08 07:57:32,056 [INFO] Run finished: mode=build_continuous
2026-05-08 19:44:53,106 [INFO] Run started: mode=historical
2026-05-08 19:44:54,861 [INFO] Historical updated: brent_crude_historical.csv | contracts_ok=12 | rows=6433
2026-05-08 19:44:56,720 [INFO] Historical updated: low_sulphur_gasoil_historical.csv | contracts_ok=14 | rows=7495
2026-05-08 19:44:57,031 [INFO] Run finished: mode=historical
2026-05-08 19:44:57,454 [INFO] Run started: mode=build_continuous
2026-05-08 19:44:57,756 [INFO] Run finished: mode=build_continuous
2026-05-09 07:40:57,830 [INFO] Run started: mode=historical
2026-05-09 07:40:59,662 [INFO] Historical updated: brent_crude_historical.csv | contracts_ok=12 | rows=6444
2026-05-09 07:41:01,497 [INFO] Historical updated: low_sulphur_gasoil_historical.csv | contracts_ok=14 | rows=7508
2026-05-09 07:41:01,810 [INFO] Run finished: mode=historical
2026-05-09 07:41:02,240 [INFO] Run started: mode=build_continuous
2026-05-09 07:41:02,545 [INFO] Run finished: mode=build_continuous
2026-05-09 08:11:04,015 [INFO] Run started: mode=historical
2026-05-09 08:11:05,896 [INFO] Historical updated: brent_crude_historical.csv | contracts_ok=12 | rows=6444
2026-05-09 08:11:07,916 [INFO] Historical updated: low_sulphur_gasoil_historical.csv | contracts_ok=14 | rows=7508
2026-05-09 08:11:08,235 [INFO] Run finished: mode=historical
2026-05-09 08:11:08,667 [INFO] Run started: mode=build_continuous
2026-05-09 08:11:08,971 [INFO] Run finished: mode=build_continuous
2026-05-09 19:32:53,841 [INFO] Run started: mode=historical
2026-05-09 19:32:55,884 [INFO] Historical updated: brent_crude_historical.csv | contracts_ok=12 | rows=6444
2026-05-09 19:32:58,006 [INFO] Historical updated: low_sulphur_gasoil_historical.csv | contracts_ok=14 | rows=7508
2026-05-09 19:32:58,317 [INFO] Run finished: mode=historical
2026-05-09 19:32:58,743 [INFO] Run started: mode=build_continuous
2026-05-09 19:32:59,053 [INFO] Run finished: mode=build_continuous
2026-05-10 08:21:39,244 [INFO] Run started: mode=historical
2026-05-10 08:21:40,451 [INFO] Historical updated: brent_crude_historical.csv | contracts_ok=12 | rows=6444
2026-05-10 08:21:41,640 [INFO] Historical updated: low_sulphur_gasoil_historical.csv | contracts_ok=14 | rows=7508
2026-05-10 08:21:41,946 [INFO] Run finished: mode=historical
2026-05-10 08:21:42,375 [INFO] Run started: mode=build_continuous
2026-05-10 08:21:42,672 [INFO] Run finished: mode=build_continuous
2026-05-10 19:33:08,090 [INFO] Run started: mode=historical
2026-05-10 19:33:09,301 [INFO] Historical updated: brent_crude_historical.csv | contracts_ok=12 | rows=6444
2026-05-10 19:33:10,494 [INFO] Historical updated: low_sulphur_gasoil_historical.csv | contracts_ok=14 | rows=7508
2026-05-10 19:33:10,806 [INFO] Run finished: mode=historical
2026-05-10 19:33:11,229 [INFO] Run started: mode=build_continuous
2026-05-10 19:33:11,527 [INFO] Run finished: mode=build_continuous
2026-05-11 05:46:32,281 [INFO] Run started: mode=historical
2026-05-11 05:46:34,060 [INFO] Historical updated: brent_crude_historical.csv | contracts_ok=12 | rows=6444
2026-05-11 05:46:35,990 [INFO] Historical updated: low_sulphur_gasoil_historical.csv | contracts_ok=14 | rows=7508
2026-05-11 05:46:36,300 [INFO] Run finished: mode=historical
2026-05-11 05:46:36,729 [INFO] Run started: mode=build_continuous
2026-05-11 05:46:37,043 [INFO] Run finished: mode=build_continuous
2026-05-11 09:59:37,183 [INFO] Run started: mode=historical
2026-05-11 09:59:39,138 [INFO] Historical updated: brent_crude_historical.csv | contracts_ok=12 | rows=6444
2026-05-11 09:59:41,149 [INFO] Historical updated: low_sulphur_gasoil_historical.csv | contracts_ok=14 | rows=7508
2026-05-11 09:59:41,456 [INFO] Run finished: mode=historical
2026-05-11 09:59:41,874 [INFO] Run started: mode=build_continuous
2026-05-11 09:59:42,171 [INFO] Run finished: mode=build_continuous
2026-05-11 20:03:41,984 [INFO] Run started: mode=historical
2026-05-11 20:03:43,648 [INFO] Historical updated: brent_crude_historical.csv | contracts_ok=12 | rows=6444
2026-05-11 20:03:45,133 [INFO] Historical updated: low_sulphur_gasoil_historical.csv | contracts_ok=14 | rows=7508
2026-05-11 20:03:45,437 [INFO] Run finished: mode=historical
2026-05-11 20:03:45,866 [INFO] Run started: mode=build_continuous
2026-05-11 20:03:46,158 [INFO] Run finished: mode=build_continuous
2026-05-12 05:36:29,386 [INFO] Run started: mode=historical
2026-05-12 05:36:31,283 [INFO] Historical updated: brent_crude_historical.csv | contracts_ok=12 | rows=6455
2026-05-12 05:36:33,423 [INFO] Historical updated: low_sulphur_gasoil_historical.csv | contracts_ok=14 | rows=7521
2026-05-12 05:36:33,765 [INFO] Run finished: mode=historical
2026-05-12 05:36:34,289 [INFO] Run started: mode=build_continuous
2026-05-12 05:36:34,602 [INFO] Run finished: mode=build_continuous
2026-05-12 09:12:44,253 [INFO] Run started: mode=historical
2026-05-12 09:12:45,455 [INFO] Historical updated: brent_crude_historical.csv | contracts_ok=12 | rows=6455
2026-05-12 09:12:46,661 [INFO] Historical updated: low_sulphur_gasoil_historical.csv | contracts_ok=14 | rows=7521
2026-05-12 09:12:46,973 [INFO] Run finished: mode=historical
2026-05-12 09:12:47,404 [INFO] Run started: mode=build_continuous
2026-05-12 09:12:47,695 [INFO] Run finished: mode=build_continuous
2026-05-12 20:07:29,267 [INFO] Run started: mode=historical
2026-05-12 20:07:31,059 [INFO] Historical updated: brent_crude_historical.csv | contracts_ok=12 | rows=6455
2026-05-12 20:07:33,054 [INFO] Historical updated: low_sulphur_gasoil_historical.csv | contracts_ok=14 | rows=7521
2026-05-12 20:07:33,370 [INFO] Run finished: mode=historical
2026-05-12 20:07:33,825 [INFO] Run started: mode=build_continuous
2026-05-12 20:07:34,141 [INFO] Run finished: mode=build_continuous
2026-05-13 03:46:09,742 [INFO] Run started: mode=historical
2026-05-13 03:46:11,461 [INFO] Historical updated: brent_crude_historical.csv | contracts_ok=12 | rows=6466
2026-05-13 03:46:13,541 [INFO] Historical updated: low_sulphur_gasoil_historical.csv | contracts_ok=14 | rows=7534
2026-05-13 03:46:13,855 [INFO] Run finished: mode=historical
2026-05-13 03:46:14,289 [INFO] Run started: mode=build_continuous
2026-05-13 03:46:14,592 [INFO] Run finished: mode=build_continuous
2026-05-13 09:19:28,555 [INFO] Run started: mode=historical
2026-05-13 09:19:30,171 [INFO] Historical updated: brent_crude_historical.csv | contracts_ok=12 | rows=6466
2026-05-13 09:19:31,855 [INFO] Historical updated: low_sulphur_gasoil_historical.csv | contracts_ok=14 | rows=7534
2026-05-13 09:19:32,167 [INFO] Run finished: mode=historical
2026-05-13 09:19:32,592 [INFO] Run started: mode=build_continuous
2026-05-13 09:19:32,890 [INFO] Run finished: mode=build_continuous
2026-05-13 20:09:02,770 [INFO] Run started: mode=historical
2026-05-13 20:09:05,020 [INFO] Historical updated: brent_crude_historical.csv | contracts_ok=12 | rows=6466
2026-05-13 20:09:07,267 [INFO] Historical updated: low_sulphur_gasoil_historical.csv | contracts_ok=14 | rows=7534
2026-05-13 20:09:07,573 [INFO] Run finished: mode=historical
2026-05-13 20:09:07,993 [INFO] Run started: mode=build_continuous
2026-05-13 20:09:08,302 [INFO] Run finished: mode=build_continuous
2026-05-14 05:18:30,000 [INFO] Run started: mode=historical
2026-05-14 05:18:31,727 [INFO] Historical updated: brent_crude_historical.csv | contracts_ok=12 | rows=6477
2026-05-14 05:18:33,575 [INFO] Historical updated: low_sulphur_gasoil_historical.csv | contracts_ok=14 | rows=7546
2026-05-14 05:18:33,887 [INFO] Run finished: mode=historical
2026-05-14 05:18:34,342 [INFO] Run started: mode=build_continuous
2026-05-14 05:18:34,653 [INFO] Run finished: mode=build_continuous
2026-05-14 08:50:22,553 [INFO] Run started: mode=historical
2026-05-14 08:50:24,433 [INFO] Historical updated: brent_crude_historical.csv | contracts_ok=12 | rows=6477
2026-05-14 08:50:26,562 [INFO] Historical updated: low_sulphur_gasoil_historical.csv | contracts_ok=14 | rows=7546
2026-05-14 08:50:26,856 [INFO] Run finished: mode=historical
2026-05-14 08:50:27,253 [INFO] Run started: mode=build_continuous
2026-05-14 08:50:27,534 [INFO] Run finished: mode=build_continuous
2026-05-14 20:01:35,366 [INFO] Run started: mode=historical
2026-05-14 20:01:37,086 [INFO] Historical updated: brent_crude_historical.csv | contracts_ok=12 | rows=6477
2026-05-14 20:01:38,826 [INFO] Historical updated: low_sulphur_gasoil_historical.csv | contracts_ok=14 | rows=7546
2026-05-14 20:01:39,124 [INFO] Run finished: mode=historical
2026-05-14 20:01:39,526 [INFO] Run started: mode=build_continuous
2026-05-14 20:01:39,810 [INFO] Run finished: mode=build_continuous
2026-05-15 05:22:17,638 [INFO] Run started: mode=historical
2026-05-15 05:22:19,465 [INFO] Historical updated: brent_crude_historical.csv | contracts_ok=12 | rows=6488
2026-05-15 05:22:21,333 [INFO] Historical updated: low_sulphur_gasoil_historical.csv | contracts_ok=14 | rows=7558
2026-05-15 05:22:21,635 [INFO] Run finished: mode=historical
2026-05-15 05:22:22,057 [INFO] Run started: mode=build_continuous
2026-05-15 05:22:22,350 [INFO] Run finished: mode=build_continuous
2026-05-15 09:22:59,595 [INFO] Run started: mode=metadata
2026-05-15 09:22:59,595 [INFO] Fetching contract metadata for Brent Crude Futures
2026-05-15 09:22:59,799 [INFO] Metadata updated: brent_crude_contracts.csv (12 rows)
2026-05-15 09:22:59,799 [INFO] Fetching contract metadata for Low Sulphur Gasoil Futures
2026-05-15 09:22:59,848 [INFO] Metadata updated: low_sulphur_gasoil_contracts.csv (14 rows)
2026-05-15 09:22:59,849 [INFO] Run finished: mode=metadata
2026-05-15 09:24:29,152 [INFO] Run started: mode=historical
2026-05-15 09:24:30,844 [INFO] Historical updated: brent_crude_historical.csv | contracts_ok=12 | rows=6488
2026-05-15 09:24:32,640 [INFO] Historical updated: low_sulphur_gasoil_historical.csv | contracts_ok=14 | rows=7558
2026-05-15 09:24:32,952 [INFO] Run finished: mode=historical
2026-05-15 09:24:33,379 [INFO] Run started: mode=build_continuous
2026-05-15 09:24:33,703 [INFO] Run finished: mode=build_continuous
2026-05-15 19:53:36,046 [INFO] Run started: mode=historical
2026-05-15 19:53:38,103 [INFO] Historical updated: brent_crude_historical.csv | contracts_ok=12 | rows=6488
2026-05-15 19:53:40,308 [INFO] Historical updated: low_sulphur_gasoil_historical.csv | contracts_ok=14 | rows=7558
2026-05-15 19:53:40,624 [INFO] Run finished: mode=historical
2026-05-15 19:53:41,076 [INFO] Run started: mode=build_continuous
2026-05-15 19:53:41,390 [INFO] Run finished: mode=build_continuous
2026-05-16 08:19:25,319 [INFO] Run started: mode=historical
2026-05-16 08:19:27,144 [INFO] Historical updated: brent_crude_historical.csv | contracts_ok=12 | rows=6499
2026-05-16 08:19:29,177 [INFO] Historical updated: low_sulphur_gasoil_historical.csv | contracts_ok=14 | rows=7570
2026-05-16 08:19:29,490 [INFO] Run finished: mode=historical
2026-05-16 08:19:29,925 [INFO] Run started: mode=build_continuous
2026-05-16 08:19:30,230 [INFO] Run finished: mode=build_continuous
2026-05-16 19:32:57,448 [INFO] Run started: mode=historical
2026-05-16 19:32:59,504 [INFO] Historical updated: brent_crude_historical.csv | contracts_ok=12 | rows=6499
2026-05-16 19:33:01,603 [INFO] Historical updated: low_sulphur_gasoil_historical.csv | contracts_ok=14 | rows=7570
2026-05-16 19:33:01,905 [INFO] Run finished: mode=historical
2026-05-16 19:33:02,335 [INFO] Run started: mode=build_continuous
2026-05-16 19:33:02,627 [INFO] Run finished: mode=build_continuous
2026-05-17 08:32:50,755 [INFO] Run started: mode=historical
2026-05-17 08:32:51,919 [INFO] Historical updated: brent_crude_historical.csv | contracts_ok=12 | rows=6499
2026-05-17 08:32:53,168 [INFO] Historical updated: low_sulphur_gasoil_historical.csv | contracts_ok=14 | rows=7570
2026-05-17 08:32:53,519 [INFO] Run finished: mode=historical
2026-05-17 08:32:53,911 [INFO] Run started: mode=build_continuous
2026-05-17 08:32:54,196 [INFO] Run finished: mode=build_continuous
2026-05-17 19:35:53,857 [INFO] Run started: mode=historical
2026-05-17 19:35:55,232 [INFO] Historical updated: brent_crude_historical.csv | contracts_ok=12 | rows=6499
2026-05-17 19:35:56,592 [INFO] Historical updated: low_sulphur_gasoil_historical.csv | contracts_ok=14 | rows=7570
2026-05-17 19:35:56,894 [INFO] Run finished: mode=historical
2026-05-17 19:35:57,321 [INFO] Run started: mode=build_continuous
2026-05-17 19:35:57,612 [INFO] Run finished: mode=build_continuous
2026-05-18 05:18:47,731 [INFO] Run started: mode=historical
2026-05-18 05:18:49,141 [INFO] Historical updated: brent_crude_historical.csv | contracts_ok=12 | rows=6499
2026-05-18 05:18:50,536 [INFO] Historical updated: low_sulphur_gasoil_historical.csv | contracts_ok=14 | rows=7570
2026-05-18 05:18:50,843 [INFO] Run finished: mode=historical
2026-05-18 05:18:51,280 [INFO] Run started: mode=build_continuous
2026-05-18 05:18:51,576 [INFO] Run finished: mode=build_continuous
2026-05-18 10:41:10,004 [INFO] Run started: mode=historical
2026-05-18 10:41:11,674 [INFO] Historical updated: brent_crude_historical.csv | contracts_ok=12 | rows=6499
2026-05-18 10:41:13,561 [INFO] Historical updated: low_sulphur_gasoil_historical.csv | contracts_ok=14 | rows=7570
2026-05-18 10:41:13,828 [INFO] Run finished: mode=historical
2026-05-18 10:41:14,230 [INFO] Run started: mode=build_continuous
2026-05-18 10:41:14,471 [INFO] Run finished: mode=build_continuous
2026-05-18 20:01:08,236 [INFO] Run started: mode=historical
2026-05-18 20:01:09,701 [INFO] Historical updated: brent_crude_historical.csv | contracts_ok=12 | rows=6499
2026-05-18 20:01:11,190 [INFO] Historical updated: low_sulphur_gasoil_historical.csv | contracts_ok=14 | rows=7570
2026-05-18 20:01:11,500 [INFO] Run finished: mode=historical
2026-05-18 20:01:11,932 [INFO] Run started: mode=build_continuous
2026-05-18 20:01:12,235 [INFO] Run finished: mode=build_continuous
2026-05-19 05:47:39,150 [INFO] Run started: mode=historical
2026-05-19 05:47:41,083 [INFO] Historical updated: brent_crude_historical.csv | contracts_ok=12 | rows=6510
2026-05-19 05:47:43,072 [INFO] Historical updated: low_sulphur_gasoil_historical.csv | contracts_ok=14 | rows=7582
2026-05-19 05:47:43,405 [INFO] Run finished: mode=historical
2026-05-19 05:47:43,896 [INFO] Run started: mode=build_continuous
2026-05-19 05:47:44,207 [INFO] Run finished: mode=build_continuous
2026-05-19 10:07:35,638 [INFO] Run started: mode=historical
2026-05-19 10:07:37,189 [INFO] Historical updated: brent_crude_historical.csv | contracts_ok=12 | rows=6510
2026-05-19 10:07:38,668 [INFO] Historical updated: low_sulphur_gasoil_historical.csv | contracts_ok=14 | rows=7582
2026-05-19 10:07:39,001 [INFO] Run finished: mode=historical
2026-05-19 10:07:39,450 [INFO] Run started: mode=build_continuous
2026-05-19 10:07:39,760 [INFO] Run finished: mode=build_continuous
2026-05-19 20:03:24,237 [INFO] Run started: mode=historical
2026-05-19 20:03:25,958 [INFO] Historical updated: brent_crude_historical.csv | contracts_ok=12 | rows=6510
2026-05-19 20:03:27,785 [INFO] Historical updated: low_sulphur_gasoil_historical.csv | contracts_ok=14 | rows=7582
2026-05-19 20:03:28,114 [INFO] Run finished: mode=historical
2026-05-19 20:03:28,601 [INFO] Run started: mode=build_continuous
2026-05-19 20:03:28,916 [INFO] Run finished: mode=build_continuous
2026-05-20 02:22:54,094 [INFO] Run started: mode=historical
2026-05-20 02:22:55,509 [INFO] Historical updated: brent_crude_historical.csv | contracts_ok=12 | rows=6521
2026-05-20 02:22:57,028 [INFO] Historical updated: low_sulphur_gasoil_historical.csv | contracts_ok=14 | rows=7594
2026-05-20 02:22:57,344 [INFO] Run finished: mode=historical
2026-05-20 02:22:57,786 [INFO] Run started: mode=build_continuous
2026-05-20 02:22:58,079 [INFO] Run finished: mode=build_continuous
2026-05-20 09:54:11,769 [INFO] Run started: mode=historical
2026-05-20 09:54:13,223 [INFO] Historical updated: brent_crude_historical.csv | contracts_ok=12 | rows=6521
2026-05-20 09:54:14,643 [INFO] Historical updated: low_sulphur_gasoil_historical.csv | contracts_ok=14 | rows=7594
2026-05-20 09:54:14,949 [INFO] Run finished: mode=historical
2026-05-20 09:54:15,374 [INFO] Run started: mode=build_continuous
2026-05-20 09:54:15,671 [INFO] Run finished: mode=build_continuous
2026-05-20 20:30:31,639 [INFO] Run started: mode=historical
2026-05-20 20:30:32,919 [INFO] Historical updated: brent_crude_historical.csv | contracts_ok=12 | rows=6521
2026-05-20 20:30:34,138 [INFO] Historical updated: low_sulphur_gasoil_historical.csv | contracts_ok=14 | rows=7594
2026-05-20 20:30:34,457 [INFO] Run finished: mode=historical
2026-05-20 20:30:34,903 [INFO] Run started: mode=build_continuous
2026-05-20 20:30:35,211 [INFO] Run finished: mode=build_continuous
2026-05-21 06:07:42,745 [INFO] Run started: mode=historical
2026-05-21 06:07:44,127 [INFO] Historical updated: brent_crude_historical.csv | contracts_ok=12 | rows=6532
2026-05-21 06:07:45,471 [INFO] Historical updated: low_sulphur_gasoil_historical.csv | contracts_ok=14 | rows=7606
2026-05-21 06:07:45,779 [INFO] Run finished: mode=historical
2026-05-21 06:07:46,215 [INFO] Run started: mode=build_continuous
2026-05-21 06:07:46,520 [INFO] Run finished: mode=build_continuous
2026-05-21 10:03:23,860 [INFO] Run started: mode=historical
2026-05-21 10:03:25,226 [INFO] Historical updated: brent_crude_historical.csv | contracts_ok=12 | rows=6532
2026-05-21 10:03:26,621 [INFO] Historical updated: low_sulphur_gasoil_historical.csv | contracts_ok=14 | rows=7606
2026-05-21 10:03:26,930 [INFO] Run finished: mode=historical
2026-05-21 10:03:27,369 [INFO] Run started: mode=build_continuous
2026-05-21 10:03:27,661 [INFO] Run finished: mode=build_continuous
2026-05-21 20:10:00,497 [INFO] Run started: mode=historical
2026-05-21 20:10:01,936 [INFO] Historical updated: brent_crude_historical.csv | contracts_ok=12 | rows=6532
2026-05-21 20:10:03,414 [INFO] Historical updated: low_sulphur_gasoil_historical.csv | contracts_ok=14 | rows=7606
2026-05-21 20:10:03,767 [INFO] Run finished: mode=historical
2026-05-21 20:10:04,207 [INFO] Run started: mode=build_continuous
2026-05-21 20:10:04,532 [INFO] Run finished: mode=build_continuous
2026-05-22 03:42:03,760 [INFO] Run started: mode=historical
2026-05-22 03:42:05,161 [INFO] Historical updated: brent_crude_historical.csv | contracts_ok=12 | rows=6543
2026-05-22 03:42:06,672 [INFO] Historical updated: low_sulphur_gasoil_historical.csv | contracts_ok=14 | rows=7618
2026-05-22 03:42:07,004 [INFO] Run finished: mode=historical
2026-05-22 03:42:07,441 [INFO] Run started: mode=build_continuous
2026-05-22 03:42:07,744 [INFO] Run finished: mode=build_continuous
2026-05-22 09:49:06,671 [INFO] Run started: mode=historical
2026-05-22 09:49:07,918 [INFO] Historical updated: brent_crude_historical.csv | contracts_ok=12 | rows=6543
2026-05-22 09:49:09,041 [INFO] Historical updated: low_sulphur_gasoil_historical.csv | contracts_ok=14 | rows=7618
2026-05-22 09:49:09,346 [INFO] Run finished: mode=historical
2026-05-22 09:49:09,752 [INFO] Run started: mode=build_continuous
2026-05-22 09:49:10,040 [INFO] Run finished: mode=build_continuous
2026-05-22 20:10:36,552 [INFO] Run started: mode=historical
2026-05-22 20:10:38,483 [INFO] Historical updated: brent_crude_historical.csv | contracts_ok=12 | rows=6543
2026-05-22 20:10:40,380 [INFO] Historical updated: low_sulphur_gasoil_historical.csv | contracts_ok=14 | rows=7618
2026-05-22 20:10:40,699 [INFO] Run finished: mode=historical
2026-05-22 20:10:41,143 [INFO] Run started: mode=build_continuous
2026-05-22 20:10:41,451 [INFO] Run finished: mode=build_continuous
2026-05-23 08:31:00,777 [INFO] Run started: mode=historical
2026-05-23 08:31:02,960 [INFO] Historical updated: brent_crude_historical.csv | contracts_ok=12 | rows=6554
2026-05-23 08:31:04,953 [INFO] Historical updated: low_sulphur_gasoil_historical.csv | contracts_ok=14 | rows=7630
2026-05-23 08:31:05,258 [INFO] Run finished: mode=historical
2026-05-23 08:31:05,686 [INFO] Run started: mode=build_continuous
2026-05-23 08:31:05,978 [INFO] Run finished: mode=build_continuous
2026-05-23 19:37:49,618 [INFO] Run started: mode=historical
2026-05-23 19:37:51,925 [INFO] Historical updated: brent_crude_historical.csv | contracts_ok=12 | rows=6554
2026-05-23 19:37:54,412 [INFO] Historical updated: low_sulphur_gasoil_historical.csv | contracts_ok=14 | rows=7630
2026-05-23 19:37:54,722 [INFO] Run finished: mode=historical
2026-05-23 19:37:55,147 [INFO] Run started: mode=build_continuous
2026-05-23 19:37:55,438 [INFO] Run finished: mode=build_continuous
2026-05-24 08:44:13,117 [INFO] Run started: mode=historical
2026-05-24 08:44:14,410 [INFO] Historical updated: brent_crude_historical.csv | contracts_ok=12 | rows=6554
2026-05-24 08:44:15,723 [INFO] Historical updated: low_sulphur_gasoil_historical.csv | contracts_ok=14 | rows=7630
2026-05-24 08:44:16,019 [INFO] Run finished: mode=historical
2026-05-24 08:44:16,424 [INFO] Run started: mode=build_continuous
2026-05-24 08:44:16,712 [INFO] Run finished: mode=build_continuous
2026-05-24 19:40:08,865 [INFO] Run started: mode=historical
2026-05-24 19:40:10,553 [INFO] Historical updated: brent_crude_historical.csv | contracts_ok=12 | rows=6554
2026-05-24 19:40:12,221 [INFO] Historical updated: low_sulphur_gasoil_historical.csv | contracts_ok=14 | rows=7630
2026-05-24 19:40:12,532 [INFO] Run finished: mode=historical
2026-05-24 19:40:12,964 [INFO] Run started: mode=build_continuous
2026-05-24 19:40:13,269 [INFO] Run finished: mode=build_continuous
2026-05-25 05:18:42,743 [INFO] Run started: mode=historical
2026-05-25 05:18:44,090 [INFO] Historical updated: brent_crude_historical.csv | contracts_ok=12 | rows=6554
2026-05-25 05:18:45,467 [INFO] Historical updated: low_sulphur_gasoil_historical.csv | contracts_ok=14 | rows=7630
2026-05-25 05:18:45,778 [INFO] Run finished: mode=historical
2026-05-25 05:18:46,226 [INFO] Run started: mode=build_continuous
2026-05-25 05:18:46,551 [INFO] Run finished: mode=build_continuous
2026-05-25 10:47:54,176 [INFO] Run started: mode=historical
2026-05-25 10:47:55,961 [INFO] Historical updated: brent_crude_historical.csv | contracts_ok=12 | rows=6554
2026-05-25 10:47:57,859 [INFO] Historical updated: low_sulphur_gasoil_historical.csv | contracts_ok=14 | rows=7630
2026-05-25 10:47:58,166 [INFO] Run finished: mode=historical
2026-05-25 10:47:58,586 [INFO] Run started: mode=build_continuous
2026-05-25 10:47:58,882 [INFO] Run finished: mode=build_continuous
2026-05-25 19:58:42,515 [INFO] Run started: mode=historical
2026-05-25 19:58:44,013 [INFO] Historical updated: brent_crude_historical.csv | contracts_ok=12 | rows=6554
2026-05-25 19:58:45,465 [INFO] Historical updated: low_sulphur_gasoil_historical.csv | contracts_ok=14 | rows=7630
2026-05-25 19:58:45,773 [INFO] Run finished: mode=historical
2026-05-25 19:58:46,207 [INFO] Run started: mode=build_continuous
2026-05-25 19:58:46,500 [INFO] Run finished: mode=build_continuous
2026-05-26 02:35:11,764 [INFO] Run started: mode=historical
2026-05-26 02:35:13,625 [INFO] Historical updated: brent_crude_historical.csv | contracts_ok=12 | rows=6565
2026-05-26 02:35:15,685 [INFO] Historical updated: low_sulphur_gasoil_historical.csv | contracts_ok=14 | rows=7642
2026-05-26 02:35:16,004 [INFO] Run finished: mode=historical
2026-05-26 02:35:16,447 [INFO] Run started: mode=build_continuous
2026-05-26 02:35:16,753 [INFO] Run finished: mode=build_continuous
2026-05-26 07:43:32,747 [INFO] Run started: mode=historical
2026-05-26 07:43:34,246 [INFO] Historical updated: brent_crude_historical.csv | contracts_ok=12 | rows=6565
2026-05-26 07:43:35,683 [INFO] Historical updated: low_sulphur_gasoil_historical.csv | contracts_ok=14 | rows=7642
2026-05-26 07:43:35,997 [INFO] Run finished: mode=historical
2026-05-26 07:43:36,445 [INFO] Run started: mode=build_continuous
2026-05-26 07:43:36,745 [INFO] Run finished: mode=build_continuous
2026-05-26 10:17:42,092 [INFO] Run started: mode=historical
2026-05-26 10:17:43,573 [INFO] Historical updated: brent_crude_historical.csv | contracts_ok=12 | rows=6565
2026-05-26 10:17:45,108 [INFO] Historical updated: low_sulphur_gasoil_historical.csv | contracts_ok=14 | rows=7642
2026-05-26 10:17:45,421 [INFO] Run finished: mode=historical
2026-05-26 10:17:45,881 [INFO] Run started: mode=build_continuous
2026-05-26 10:17:46,181 [INFO] Run finished: mode=build_continuous
2026-05-26 20:25:00,272 [INFO] Run started: mode=historical
2026-05-26 20:25:01,917 [INFO] Historical updated: brent_crude_historical.csv | contracts_ok=12 | rows=6565
2026-05-26 20:25:03,578 [INFO] Historical updated: low_sulphur_gasoil_historical.csv | contracts_ok=14 | rows=7642
2026-05-26 20:25:03,892 [INFO] Run finished: mode=historical
2026-05-26 20:25:04,327 [INFO] Run started: mode=build_continuous
2026-05-26 20:25:04,631 [INFO] Run finished: mode=build_continuous
2026-05-27 03:15:48,745 [INFO] Run started: mode=historical
2026-05-27 03:15:50,150 [INFO] Historical updated: brent_crude_historical.csv | contracts_ok=12 | rows=6576
2026-05-27 03:15:51,650 [INFO] Historical updated: low_sulphur_gasoil_historical.csv | contracts_ok=14 | rows=7654
2026-05-27 03:15:51,958 [INFO] Run finished: mode=historical
2026-05-27 03:15:52,393 [INFO] Run started: mode=build_continuous
2026-05-27 03:15:52,688 [INFO] Run finished: mode=build_continuous
2026-05-27 04:50:53,774 [INFO] Run started: mode=historical
2026-05-27 04:50:55,096 [INFO] Historical updated: brent_crude_historical.csv | contracts_ok=12 | rows=6576
2026-05-27 04:50:56,537 [INFO] Historical updated: low_sulphur_gasoil_historical.csv | contracts_ok=14 | rows=7654
2026-05-27 04:50:56,855 [INFO] Run finished: mode=historical
2026-05-27 04:50:57,280 [INFO] Run started: mode=build_continuous
2026-05-27 04:50:57,581 [INFO] Run finished: mode=build_continuous
2026-05-27 10:19:39,243 [INFO] Run started: mode=historical
2026-05-27 10:19:41,067 [INFO] Historical updated: brent_crude_historical.csv | contracts_ok=12 | rows=6576
2026-05-27 10:19:42,973 [INFO] Historical updated: low_sulphur_gasoil_historical.csv | contracts_ok=14 | rows=7654
2026-05-27 10:19:43,283 [INFO] Run finished: mode=historical
2026-05-27 10:19:43,731 [INFO] Run started: mode=build_continuous
2026-05-27 10:19:44,027 [INFO] Run finished: mode=build_continuous
2026-05-27 20:28:57,707 [INFO] Run started: mode=historical
2026-05-27 20:28:59,087 [INFO] Historical updated: brent_crude_historical.csv | contracts_ok=12 | rows=6576
2026-05-27 20:29:00,533 [INFO] Historical updated: low_sulphur_gasoil_historical.csv | contracts_ok=14 | rows=7654
2026-05-27 20:29:00,851 [INFO] Run finished: mode=historical
2026-05-27 20:29:01,296 [INFO] Run started: mode=build_continuous
2026-05-27 20:29:01,595 [INFO] Run finished: mode=build_continuous
2026-05-28 05:47:33,551 [INFO] Run started: mode=historical
2026-05-28 05:47:35,041 [INFO] Historical updated: brent_crude_historical.csv | contracts_ok=12 | rows=6587
2026-05-28 05:47:36,509 [INFO] Historical updated: low_sulphur_gasoil_historical.csv | contracts_ok=14 | rows=7666
2026-05-28 05:47:36,824 [INFO] Run finished: mode=historical
2026-05-28 05:47:37,264 [INFO] Run started: mode=build_continuous
2026-05-28 05:47:37,563 [INFO] Run finished: mode=build_continuous
2026-05-28 10:33:36,710 [INFO] Run started: mode=historical
2026-05-28 10:33:38,553 [INFO] Historical updated: brent_crude_historical.csv | contracts_ok=12 | rows=6587
2026-05-28 10:33:40,463 [INFO] Historical updated: low_sulphur_gasoil_historical.csv | contracts_ok=14 | rows=7666
2026-05-28 10:33:40,772 [INFO] Run finished: mode=historical
2026-05-28 10:33:41,217 [INFO] Run started: mode=build_continuous
2026-05-28 10:33:41,525 [INFO] Run finished: mode=build_continuous
2026-05-28 20:37:04,568 [INFO] Run started: mode=historical
2026-05-28 20:37:05,940 [INFO] Historical updated: brent_crude_historical.csv | contracts_ok=12 | rows=6587
2026-05-28 20:37:07,415 [INFO] Historical updated: low_sulphur_gasoil_historical.csv | contracts_ok=14 | rows=7666
2026-05-28 20:37:07,736 [INFO] Run finished: mode=historical
2026-05-28 20:37:08,186 [INFO] Run started: mode=build_continuous
2026-05-28 20:37:08,485 [INFO] Run finished: mode=build_continuous
2026-05-29 07:14:07,582 [INFO] Run started: mode=historical
2026-05-29 07:14:09,494 [INFO] Historical updated: brent_crude_historical.csv | contracts_ok=12 | rows=6598
2026-05-29 07:14:11,517 [INFO] Historical updated: low_sulphur_gasoil_historical.csv | contracts_ok=14 | rows=7678
2026-05-29 07:14:11,885 [INFO] Run finished: mode=historical
2026-05-29 07:14:12,451 [INFO] Run started: mode=build_continuous
2026-05-29 07:14:12,793 [INFO] Run finished: mode=build_continuous
2026-05-29 10:13:44,638 [INFO] Run started: mode=historical
2026-05-29 10:13:46,266 [INFO] Historical updated: brent_crude_historical.csv | contracts_ok=12 | rows=6598
2026-05-29 10:13:47,971 [INFO] Historical updated: low_sulphur_gasoil_historical.csv | contracts_ok=14 | rows=7678
2026-05-29 10:13:48,276 [INFO] Run finished: mode=historical
2026-05-29 10:13:48,711 [INFO] Run started: mode=build_continuous
2026-05-29 10:13:49,003 [INFO] Run finished: mode=build_continuous
2026-05-29 20:38:09,623 [INFO] Run started: mode=historical
2026-05-29 20:38:11,561 [INFO] Historical updated: brent_crude_historical.csv | contracts_ok=12 | rows=6598
2026-05-29 20:38:13,608 [INFO] Historical updated: low_sulphur_gasoil_historical.csv | contracts_ok=14 | rows=7678
2026-05-29 20:38:13,915 [INFO] Run finished: mode=historical
2026-05-29 20:38:14,361 [INFO] Run started: mode=build_continuous
2026-05-29 20:38:14,655 [INFO] Run finished: mode=build_continuous
2026-05-30 08:40:21,502 [INFO] Run started: mode=historical
2026-05-30 08:40:23,419 [INFO] Historical updated: brent_crude_historical.csv | contracts_ok=12 | rows=6609
2026-05-30 08:40:25,443 [INFO] Historical updated: low_sulphur_gasoil_historical.csv | contracts_ok=14 | rows=7690
2026-05-30 08:40:25,745 [INFO] Run finished: mode=historical
2026-05-30 08:40:26,155 [INFO] Run started: mode=build_continuous
2026-05-30 08:40:26,448 [INFO] Run finished: mode=build_continuous
2026-05-30 19:40:56,298 [INFO] Run started: mode=historical
2026-05-30 19:40:58,271 [INFO] Historical updated: brent_crude_historical.csv | contracts_ok=12 | rows=6609
2026-05-30 19:41:00,403 [INFO] Historical updated: low_sulphur_gasoil_historical.csv | contracts_ok=14 | rows=7690
2026-05-30 19:41:00,698 [INFO] Run finished: mode=historical
2026-05-30 19:41:01,094 [INFO] Run started: mode=build_continuous
2026-05-30 19:41:01,376 [INFO] Run finished: mode=build_continuous
2026-05-31 08:57:58,707 [INFO] Run started: mode=historical
2026-05-31 08:58:00,627 [INFO] Historical updated: brent_crude_historical.csv | contracts_ok=12 | rows=6609
2026-05-31 08:58:02,590 [INFO] Historical updated: low_sulphur_gasoil_historical.csv | contracts_ok=14 | rows=7690
2026-05-31 08:58:02,896 [INFO] Run finished: mode=historical
2026-05-31 08:58:03,316 [INFO] Run started: mode=build_continuous
2026-05-31 08:58:03,639 [INFO] Run finished: mode=build_continuous
2026-05-31 09:23:42,499 [INFO] Run started: mode=historical
2026-05-31 09:23:43,637 [INFO] Historical updated: brent_crude_historical.csv | contracts_ok=12 | rows=6609
2026-05-31 09:23:44,973 [INFO] Historical updated: low_sulphur_gasoil_historical.csv | contracts_ok=14 | rows=7690
2026-05-31 09:23:45,281 [INFO] Run finished: mode=historical
2026-05-31 09:23:45,708 [INFO] Run started: mode=build_continuous
2026-05-31 09:23:46,008 [INFO] Run finished: mode=build_continuous
2026-05-31 19:40:48,988 [INFO] Run started: mode=historical
2026-05-31 19:40:50,863 [INFO] Historical updated: brent_crude_historical.csv | contracts_ok=12 | rows=6609
2026-05-31 19:40:52,689 [INFO] Historical updated: low_sulphur_gasoil_historical.csv | contracts_ok=14 | rows=7690
2026-05-31 19:40:53,008 [INFO] Run finished: mode=historical
2026-05-31 19:40:53,465 [INFO] Run started: mode=build_continuous
2026-05-31 19:40:53,770 [INFO] Run finished: mode=build_continuous
2026-06-01 05:27:41,632 [INFO] Run started: mode=historical
2026-06-01 05:27:43,335 [INFO] Historical updated: brent_crude_historical.csv | contracts_ok=12 | rows=6609
2026-06-01 05:27:45,219 [INFO] Historical updated: low_sulphur_gasoil_historical.csv | contracts_ok=14 | rows=7690
2026-06-01 05:27:45,541 [INFO] Run finished: mode=historical
2026-06-01 05:27:45,979 [INFO] Run started: mode=build_continuous
2026-06-01 05:27:46,317 [INFO] Run finished: mode=build_continuous
2026-06-01 11:35:56,592 [INFO] Run started: mode=historical
2026-06-01 11:35:57,990 [INFO] Historical updated: brent_crude_historical.csv | contracts_ok=12 | rows=6609
2026-06-01 11:35:59,429 [INFO] Historical updated: low_sulphur_gasoil_historical.csv | contracts_ok=14 | rows=7690
2026-06-01 11:35:59,734 [INFO] Run finished: mode=historical
2026-06-01 11:36:00,167 [INFO] Run started: mode=build_continuous
2026-06-01 11:36:00,462 [INFO] Run finished: mode=build_continuous
2026-06-01 11:54:28,563 [INFO] Run started: mode=metadata
2026-06-01 11:54:28,563 [INFO] Fetching contract metadata for Brent Crude Futures
2026-06-01 11:54:28,721 [INFO] Metadata updated: brent_crude_contracts.csv (13 rows)
2026-06-01 11:54:28,722 [INFO] Fetching contract metadata for Low Sulphur Gasoil Futures
2026-06-01 11:54:28,773 [INFO] Metadata updated: low_sulphur_gasoil_contracts.csv (15 rows)
2026-06-01 11:54:28,774 [INFO] Run finished: mode=metadata
2026-06-01 12:08:38,675 [INFO] Run started: mode=historical
2026-06-01 12:08:40,492 [INFO] Historical updated: brent_crude_historical.csv | contracts_ok=13 | rows=7123
2026-06-01 12:08:42,385 [INFO] Historical updated: low_sulphur_gasoil_historical.csv | contracts_ok=15 | rows=8204
2026-06-01 12:08:42,699 [INFO] Run finished: mode=historical
2026-06-01 12:08:43,123 [INFO] Run started: mode=build_continuous
2026-06-01 12:08:43,428 [INFO] Run finished: mode=build_continuous
2026-06-01 21:43:31,050 [INFO] Run started: mode=historical
2026-06-01 21:43:32,395 [INFO] Historical updated: brent_crude_historical.csv | contracts_ok=13 | rows=7123
2026-06-01 21:43:33,700 [INFO] Historical updated: low_sulphur_gasoil_historical.csv | contracts_ok=15 | rows=8204
2026-06-01 21:43:33,997 [INFO] Run finished: mode=historical
2026-06-01 21:43:34,399 [INFO] Run started: mode=build_continuous
2026-06-01 21:43:34,689 [INFO] Run finished: mode=build_continuous
2026-06-02 04:05:16,057 [INFO] Run started: mode=historical
2026-06-02 04:05:17,541 [INFO] Historical updated: brent_crude_historical.csv | contracts_ok=13 | rows=7134
2026-06-02 04:05:19,110 [INFO] Historical updated: low_sulphur_gasoil_historical.csv | contracts_ok=15 | rows=8217
2026-06-02 04:05:19,415 [INFO] Run finished: mode=historical
2026-06-02 04:05:19,834 [INFO] Run started: mode=build_continuous
2026-06-02 04:05:20,149 [INFO] Run finished: mode=build_continuous
2026-06-02 10:54:07,674 [INFO] Run started: mode=historical
2026-06-02 10:54:09,530 [INFO] Historical updated: brent_crude_historical.csv | contracts_ok=13 | rows=7134
2026-06-02 10:54:11,494 [INFO] Historical updated: low_sulphur_gasoil_historical.csv | contracts_ok=15 | rows=8217
2026-06-02 10:54:11,801 [INFO] Run finished: mode=historical
2026-06-02 10:54:12,223 [INFO] Run started: mode=build_continuous
2026-06-02 10:54:12,521 [INFO] Run finished: mode=build_continuous
2026-06-02 21:23:47,353 [INFO] Run started: mode=historical
2026-06-02 21:23:49,021 [INFO] Historical updated: brent_crude_historical.csv | contracts_ok=13 | rows=7134
2026-06-02 21:23:50,602 [INFO] Historical updated: low_sulphur_gasoil_historical.csv | contracts_ok=15 | rows=8217
2026-06-02 21:23:50,951 [INFO] Run finished: mode=historical
2026-06-02 21:23:51,451 [INFO] Run started: mode=build_continuous
2026-06-02 21:23:51,771 [INFO] Run finished: mode=build_continuous
2026-06-03 04:26:43,627 [INFO] Run started: mode=historical
2026-06-03 04:26:45,464 [INFO] Historical updated: brent_crude_historical.csv | contracts_ok=13 | rows=7145
2026-06-03 04:26:47,395 [INFO] Historical updated: low_sulphur_gasoil_historical.csv | contracts_ok=15 | rows=8230
2026-06-03 04:26:47,708 [INFO] Run finished: mode=historical
2026-06-03 04:26:48,129 [INFO] Run started: mode=build_continuous
2026-06-03 04:26:48,450 [INFO] Run finished: mode=build_continuous
2026-06-03 11:22:18,841 [INFO] Run started: mode=historical
2026-06-03 11:22:20,733 [INFO] Historical updated: brent_crude_historical.csv | contracts_ok=13 | rows=7145
2026-06-03 11:22:22,604 [INFO] Historical updated: low_sulphur_gasoil_historical.csv | contracts_ok=15 | rows=8230
2026-06-03 11:22:22,926 [INFO] Run finished: mode=historical
2026-06-03 11:22:23,360 [INFO] Run started: mode=build_continuous
2026-06-03 11:22:23,663 [INFO] Run finished: mode=build_continuous
